Archive member included to satisfy reference by file (symbol)

c:/program files (x86)/embitz/1.11/share/em_armgcc/bin/../lib/gcc/arm-none-eabi/5.4.1/../../../../arm-none-eabi/lib/armv6-m\libm.a(lib_a-s_floor.o)
                              .objs\pokittolib\mbed-pokitto\targets\hal\target_nxp\target_lpc11u6x\spi_api.o (floor)
c:/program files (x86)/embitz/1.11/share/em_armgcc/bin/../lib/gcc/arm-none-eabi/5.4.1/../../../../arm-none-eabi/lib/armv6-m\libc_n.a(lib_a-abs.o)
                              .objs\main.o (abs)
c:/program files (x86)/embitz/1.11/share/em_armgcc/bin/../lib/gcc/arm-none-eabi/5.4.1/../../../../arm-none-eabi/lib/armv6-m\libc_n.a(lib_a-errno.o)
                              .objs\pokittolib\mbed-pokitto\common\retarget.o (__errno)
c:/program files (x86)/embitz/1.11/share/em_armgcc/bin/../lib/gcc/arm-none-eabi/5.4.1/../../../../arm-none-eabi/lib/armv6-m\libc_n.a(lib_a-exit.o)
                              c:/program files (x86)/embitz/1.11/share/em_armgcc/bin/../lib/gcc/arm-none-eabi/5.4.1/../../../../arm-none-eabi/lib/armv6-m/crt0.o (exit)
c:/program files (x86)/embitz/1.11/share/em_armgcc/bin/../lib/gcc/arm-none-eabi/5.4.1/../../../../arm-none-eabi/lib/armv6-m\libc_n.a(lib_a-fclose.o)
                              .objs\main.o (fclose)
c:/program files (x86)/embitz/1.11/share/em_armgcc/bin/../lib/gcc/arm-none-eabi/5.4.1/../../../../arm-none-eabi/lib/armv6-m\libc_n.a(lib_a-fflush.o)
                              c:/program files (x86)/embitz/1.11/share/em_armgcc/bin/../lib/gcc/arm-none-eabi/5.4.1/../../../../arm-none-eabi/lib/armv6-m\libc_n.a(lib_a-fclose.o) (__sflush_r)
c:/program files (x86)/embitz/1.11/share/em_armgcc/bin/../lib/gcc/arm-none-eabi/5.4.1/../../../../arm-none-eabi/lib/armv6-m\libc_n.a(lib_a-fgetc.o)
                              .objs\pokittolib\mbed-pokitto\common\retarget.o (fgetc)
c:/program files (x86)/embitz/1.11/share/em_armgcc/bin/../lib/gcc/arm-none-eabi/5.4.1/../../../../arm-none-eabi/lib/armv6-m\libc_n.a(lib_a-fgets.o)
                              .objs\pokittolib\mbed-pokitto\common\retarget.o (fgets)
c:/program files (x86)/embitz/1.11/share/em_armgcc/bin/../lib/gcc/arm-none-eabi/5.4.1/../../../../arm-none-eabi/lib/armv6-m\libc_n.a(lib_a-findfp.o)
                              c:/program files (x86)/embitz/1.11/share/em_armgcc/bin/../lib/gcc/arm-none-eabi/5.4.1/../../../../arm-none-eabi/lib/armv6-m\libc_n.a(lib_a-fclose.o) (__sinit)
c:/program files (x86)/embitz/1.11/share/em_armgcc/bin/../lib/gcc/arm-none-eabi/5.4.1/../../../../arm-none-eabi/lib/armv6-m\libc_n.a(lib_a-fopen.o)
                              .objs\main.o (fopen)
c:/program files (x86)/embitz/1.11/share/em_armgcc/bin/../lib/gcc/arm-none-eabi/5.4.1/../../../../arm-none-eabi/lib/armv6-m\libc_n.a(lib_a-fputc.o)
                              .objs\pokittolib\mbed-pokitto\common\stream.o (fputc)
c:/program files (x86)/embitz/1.11/share/em_armgcc/bin/../lib/gcc/arm-none-eabi/5.4.1/../../../../arm-none-eabi/lib/armv6-m\libc_n.a(lib_a-fputs.o)
                              .objs\pokittolib\mbed-pokitto\common\stream.o (fputs)
c:/program files (x86)/embitz/1.11/share/em_armgcc/bin/../lib/gcc/arm-none-eabi/5.4.1/../../../../arm-none-eabi/lib/armv6-m\libc_n.a(lib_a-fread.o)
                              .objs\main.o (fread)
c:/program files (x86)/embitz/1.11/share/em_armgcc/bin/../lib/gcc/arm-none-eabi/5.4.1/../../../../arm-none-eabi/lib/armv6-m\libc_n.a(lib_a-fseek.o)
                              c:/program files (x86)/embitz/1.11/share/em_armgcc/bin/../lib/gcc/arm-none-eabi/5.4.1/../../../../arm-none-eabi/lib/armv6-m\libc_n.a(lib_a-fopen.o) (_fseek_r)
c:/program files (x86)/embitz/1.11/share/em_armgcc/bin/../lib/gcc/arm-none-eabi/5.4.1/../../../../arm-none-eabi/lib/armv6-m\libc_n.a(lib_a-fseeko.o)
                              c:/program files (x86)/embitz/1.11/share/em_armgcc/bin/../lib/gcc/arm-none-eabi/5.4.1/../../../../arm-none-eabi/lib/armv6-m\libc_n.a(lib_a-fseek.o) (_fseeko_r)
c:/program files (x86)/embitz/1.11/share/em_armgcc/bin/../lib/gcc/arm-none-eabi/5.4.1/../../../../arm-none-eabi/lib/armv6-m\libc_n.a(lib_a-fwalk.o)
                              c:/program files (x86)/embitz/1.11/share/em_armgcc/bin/../lib/gcc/arm-none-eabi/5.4.1/../../../../arm-none-eabi/lib/armv6-m\libc_n.a(lib_a-findfp.o) (_fwalk)
c:/program files (x86)/embitz/1.11/share/em_armgcc/bin/../lib/gcc/arm-none-eabi/5.4.1/../../../../arm-none-eabi/lib/armv6-m\libc_n.a(lib_a-impure.o)
                              c:/program files (x86)/embitz/1.11/share/em_armgcc/bin/../lib/gcc/arm-none-eabi/5.4.1/../../../../arm-none-eabi/lib/armv6-m\libc_n.a(lib_a-exit.o) (_global_impure_ptr)
c:/program files (x86)/embitz/1.11/share/em_armgcc/bin/../lib/gcc/arm-none-eabi/5.4.1/../../../../arm-none-eabi/lib/armv6-m\libc_n.a(lib_a-init.o)
                              c:/program files (x86)/embitz/1.11/share/em_armgcc/bin/../lib/gcc/arm-none-eabi/5.4.1/../../../../arm-none-eabi/lib/armv6-m/crt0.o (__libc_init_array)
[...]
Memory Configuration

Name             Origin             Length             Attributes
MFlash256        0x00000000         0x00040000         xr
Ram0_32          0x10000100         0x00007f00         xrw
Ram1_2           0x20000000         0x00000800         xrw
Ram2USB_2        0x20004000         0x00000800         xrw
*default*        0x00000000         0xffffffff

Linker script and memory map

LOAD c:/program files (x86)/embitz/1.11/share/em_armgcc/bin/../lib/gcc/arm-none-eabi/5.4.1/armv6-m/crti.o
LOAD c:/program files (x86)/embitz/1.11/share/em_armgcc/bin/../lib/gcc/arm-none-eabi/5.4.1/armv6-m/crtbegin.o
LOAD c:/program files (x86)/embitz/1.11/share/em_armgcc/bin/../lib/gcc/arm-none-eabi/5.4.1/../../../../arm-none-eabi/lib/armv6-m/crt0.o
                0x00040000                __top_MFlash256 = 0x40000
                0x10008000                __top_Ram0_32 = 0x10008000
                0x20000800                __top_Ram1_2 = 0x20000800
                0x20004800                __top_Ram2USB_2 = 0x20004800

.text           0x00000000     0x8808
 FILL mask 0xff
                0x00000000                __vectors_start__ = ABSOLUTE (.)
 *(.isr_vector)
 .isr_vector    0x00000000       0xc0 .objs\pokittolib\mbed-pokitto\targets\cmsis\target_nxp\target_lpc11u6x\toolchain_gcc_arm\target_lpc11u68\startup_lpc11u68.o
                0x00000000                g_pfnVectors
                0x000000c0                . = ALIGN (0x4)
                0x000000c0                __section_table_start = .
                0x000000c0                __data_section_table = .
                0x000000c0        0x4 LONG 0x8a44 LOADADDR (.data)
                0x000000c4        0x4 LONG 0x10000100 ADDR (.data)
                0x000000c8        0x4 LONG 0x88 SIZEOF (.data)
                0x000000cc        0x4 LONG 0x8a44 LOADADDR (.data_RAM2)
                0x000000d0        0x4 LONG 0x20000000 ADDR (.data_RAM2)
                0x000000d4        0x4 LONG 0x0 SIZEOF (.data_RAM2)
                0x000000d8        0x4 LONG 0x8a44 LOADADDR (.data_RAM3)
                0x000000dc        0x4 LONG 0x20004000 ADDR (.data_RAM3)
                0x000000e0        0x4 LONG 0x0 SIZEOF (.data_RAM3)
                0x000000e4                __data_section_table_end = .
                0x000000e4                __bss_section_table = .
                0x000000e4        0x4 LONG 0x10000188 ADDR (.bss)
                0x000000e8        0x4 LONG 0x2f84 SIZEOF (.bss)
                0x000000ec        0x4 LONG 0x20000000 ADDR (.bss_RAM2)
                0x000000f0        0x4 LONG 0x0 SIZEOF (.bss_RAM2)
                0x000000f4        0x4 LONG 0x20004000 ADDR (.bss_RAM3)
                0x000000f8        0x4 LONG 0x0 SIZEOF (.bss_RAM3)
                0x000000fc                __bss_section_table_end = .
                0x000000fc                __section_table_end = .
 *(.after_vectors*)
 .after_vectors
                0x000000fc       0x54 .objs\pokittolib\mbed-pokitto\targets\cmsis\target_nxp\target_lpc11u6x\toolchain_gcc_arm\target_lpc11u68\startup_lpc11u68.o
                0x000000fc                ResetISR
 *(.text*)
 .text          0x00000150       0x60 c:/program files (x86)/embitz/1.11/share/em_armgcc/bin/../lib/gcc/arm-none-eabi/5.4.1/armv6-m/crtbegin.o
 .text.gpio_read
                0x000001b0       0x2c .objs\main.o
 .text._ZN4mbed9DigitalInC2E7PinName
                0x000001dc       0x1a .objs\main.o
                0x000001dc                mbed::DigitalIn::DigitalIn(PinName)
                0x000001dc                mbed::DigitalIn::DigitalIn(PinName)
 *fill*         0x000001f6        0x2 ff
 .text._Z9UPDATEPADii
                0x000001f8       0x5c .objs\main.o
                0x000001f8                UPDATEPAD(int, int)
 .text._Z9UpdatePadi
                0x00000254       0x38 .objs\main.o
                0x00000254                UpdatePad(int)
 .text._Z13updateButtonsh
                0x0000028c       0x84 .objs\main.o
                0x0000028c                updateButtons(unsigned char)
 .text._Z6Adjustiiiiii
                0x00000310       0x98 .objs\main.o
                0x00000310                Adjust(int, int, int, int, int, int)
 .text._Z9SubDivideiiii
                0x000003a8      0x108 .objs\main.o
                0x000003a8                SubDivide(int, int, int, int)
 .text._Z11make_plasmav
                0x000004b0       0x98 .objs\main.o
                0x000004b0                make_plasma()
 .text._Z8make_palv
                0x00000548       0x6c .objs\main.o
                0x00000548                make_pal()
 .text._Z5setupv
                0x000005b4       0x28 .objs\main.o
                0x000005b4                setup()
 .text._Z9playSoundh
                0x000005dc       0x50 .objs\main.o
                0x000005dc                playSound(unsigned char)
 .text.startup.main
                0x0000062c       0x94 .objs\main.o
                0x0000062c                main
 .text.startup._GLOBAL__sub_I_game
                0x000006c0       0x80 .objs\main.o
 .text._Z8xmit_spih
                0x00000740       0x10 .objs\pokittolib\libpff\mmc.o
                0x00000740                xmit_spi(unsigned char)
 .text._Z7rcv_spiv
                0x00000750       0x14 .objs\pokittolib\libpff\mmc.o
                0x00000750                rcv_spi()
 .text._ZL8send_cmdhm
                0x00000764       0x7e .objs\pokittolib\libpff\mmc.o
 *fill*         0x000007e2        0x2 ff
 .text._Z15disk_initializev
                0x000007e4      0x11c .objs\pokittolib\libpff\mmc.o
                0x000007e4                disk_initialize()
 .text._Z10disk_readpPhmtt
                0x00000900       0xa4 .objs\pokittolib\libpff\mmc.o
                0x00000900                disk_readp(unsigned char*, unsigned long, unsigned short, unsigned short)
 .text._ZL10clust2sectm
                0x000009a4       0x20 .objs\pokittolib\libpff\pff.o
 .text._ZL10dir_rewindP5_DIR_
                0x000009c4       0x44 .objs\pokittolib\libpff\pff.o
 .text._ZL7get_fatm
                0x00000a08       0xc4 .objs\pokittolib\libpff\pff.o
 .text._ZL8dir_nextP5_DIR_
                0x00000acc       0x60 .objs\pokittolib\libpff\pff.o
 .text._ZL11follow_pathP5_DIR_PKc
                0x00000b2c      0x134 .objs\pokittolib\libpff\pff.o
 .text._Z7pf_openPKc
                0x00000c60       0x60 .objs\pokittolib\libpff\pff.o
                0x00000c60                pf_open(char const*)
 .text._Z7pf_readPvtPt
                0x00000cc0       0xc4 .objs\pokittolib\libpff\pff.o
                0x00000cc0                pf_read(void*, unsigned short, unsigned short*)
 .text._Z8pf_lseekm
                0x00000d84       0xac .objs\pokittolib\libpff\pff.o
                0x00000d84                pf_lseek(unsigned long)
 .text._Z10pf_opendirP5_DIR_PKc
                0x00000e30       0x5c .objs\pokittolib\libpff\pff.o
                0x00000e30                pf_opendir(_DIR_*, char const*)
 .text.mbed_assert_internal
                0x00000e8c       0x14 .objs\pokittolib\mbed-pokitto\common\assert.o
                0x00000e8c                mbed_assert_internal
 .text.mbed_die
                0x00000ea0       0x5c .objs\pokittolib\mbed-pokitto\common\board.o
                0x00000ea0                mbed_die
 .text.error    0x00000efc        0xa .objs\pokittolib\mbed-pokitto\common\error.o
                0x00000efc                error
 *fill*         0x00000f06        0x2 ff
 .text.gpio_write
                0x00000f08       0x30 .objs\pokittolib\mbed-pokitto\common\gpio.o
 .text._gpio_init_in
                0x00000f38       0x22 .objs\pokittolib\mbed-pokitto\common\gpio.o
 .text.gpio_init_in
                0x00000f5a        0xa .objs\pokittolib\mbed-pokitto\common\gpio.o
                0x00000f5a                gpio_init_in
 .text.gpio_init_out_ex
                0x00000f64       0x2a .objs\pokittolib\mbed-pokitto\common\gpio.o
                0x00000f64                gpio_init_out_ex
 .text.gpio_init_out
                0x00000f8e        0xa .objs\pokittolib\mbed-pokitto\common\gpio.o
                0x00000f8e                gpio_init_out
 .text._ZN4mbed11InterruptInD2Ev
                0x00000f98       0x18 .objs\pokittolib\mbed-pokitto\common\interruptin.o
                0x00000f98                mbed::InterruptIn::~InterruptIn()
                0x00000f98                mbed::InterruptIn::~InterruptIn()
 .text._ZN4mbed11InterruptInD0Ev
                0x00000fb0       0x12 .objs\pokittolib\mbed-pokitto\common\interruptin.o
                0x00000fb0                mbed::InterruptIn::~InterruptIn()
 *fill*         0x00000fc2        0x2 ff
 .text._ZN4mbed11InterruptInC2E7PinName
                0x00000fc4       0x48 .objs\pokittolib\mbed-pokitto\common\interruptin.o
                0x00000fc4                mbed::InterruptIn::InterruptIn(PinName)
                0x00000fc4                mbed::InterruptIn::InterruptIn(PinName)
 .text._ZN4mbed11InterruptIn4riseEPFvvE
                0x0000100c       0x1e .objs\pokittolib\mbed-pokitto\common\interruptin.o
                0x0000100c                mbed::InterruptIn::rise(void (*)())
 .text._ZN4mbed11InterruptIn4fallEPFvvE
                0x0000102a       0x1c .objs\pokittolib\mbed-pokitto\common\interruptin.o
                0x0000102a                mbed::InterruptIn::fall(void (*)())
 .text._ZN4mbed19FunctionPointerArg1IvvE4callEv
                0x00001046       0x20 .objs\pokittolib\mbed-pokitto\common\interruptin.o
                0x00001046                mbed::FunctionPointerArg1<void, void>::call()
 .text._ZN4mbed11InterruptIn12_irq_handlerEm14gpio_irq_event
                0x00001066       0x16 .objs\pokittolib\mbed-pokitto\common\interruptin.o
                0x00001066                mbed::InterruptIn::_irq_handler(unsigned long, gpio_irq_event)
 .text.pinmap_pinout
                0x0000107c       0x34 .objs\pokittolib\mbed-pokitto\common\pinmap_common.o
                0x0000107c                pinmap_pinout
 .text.pinmap_merge
                0x000010b0       0x28 .objs\pokittolib\mbed-pokitto\common\pinmap_common.o
                0x000010b0                pinmap_merge
 .text.pinmap_find_peripheral
                0x000010d8       0x16 .objs\pokittolib\mbed-pokitto\common\pinmap_common.o
                0x000010d8                pinmap_find_peripheral
 *fill*         0x000010ee        0x2 ff
 .text.pinmap_peripheral
                0x000010f0       0x20 .objs\pokittolib\mbed-pokitto\common\pinmap_common.o
                0x000010f0                pinmap_peripheral
 .text.__cxa_pure_virtual
                0x00001110        0x8 .objs\pokittolib\mbed-pokitto\common\retarget.o
                0x00001110                __cxa_pure_virtual
 .text._sbrk    0x00001118       0x28 .objs\pokittolib\mbed-pokitto\common\retarget.o
                0x00001118                _sbrk
 .text._exit    0x00001140        0xc .objs\pokittolib\mbed-pokitto\common\retarget.o
                0x00001140                _exit
 .text._ZN4mbed3SPID2Ev
                0x0000114c        0x2 .objs\pokittolib\mbed-pokitto\common\spi.o
                0x0000114c                mbed::SPI::~SPI()
                0x0000114c                mbed::SPI::~SPI()
 .text._ZN4mbed3SPID0Ev
                0x0000114e        0xc .objs\pokittolib\mbed-pokitto\common\spi.o
                0x0000114e                mbed::SPI::~SPI()
 *fill*         0x0000115a        0x2 ff
 .text._ZN4mbed3SPIC2E7PinNameS1_S1_S1_
                0x0000115c       0x48 .objs\pokittolib\mbed-pokitto\common\spi.o
                0x0000115c                mbed::SPI::SPI(PinName, PinName, PinName, PinName)
                0x0000115c                mbed::SPI::SPI(PinName, PinName, PinName, PinName)
 .text._ZN4mbed3SPI6aquireEv
                0x000011a4       0x2c .objs\pokittolib\mbed-pokitto\common\spi.o
                0x000011a4                mbed::SPI::aquire()
 .text._ZN4mbed3SPI6formatEii
                0x000011d0       0x18 .objs\pokittolib\mbed-pokitto\common\spi.o
                0x000011d0                mbed::SPI::format(int, int)
 .text._ZN4mbed3SPI9frequencyEi
                0x000011e8       0x14 .objs\pokittolib\mbed-pokitto\common\spi.o
                0x000011e8                mbed::SPI::frequency(int)
 .text._ZN4mbed3SPI5writeEi
                0x000011fc       0x14 .objs\pokittolib\mbed-pokitto\common\spi.o
                0x000011fc                mbed::SPI::write(int)
 .text._ZN4mbed6Ticker7handlerEv
                0x00001210       0x2c .objs\pokittolib\mbed-pokitto\common\ticker.o
                0x00001210                mbed::Ticker::handler()
 .text._ZN4mbed6Ticker6detachEv
                0x0000123c       0x10 .objs\pokittolib\mbed-pokitto\common\ticker.o
                0x0000123c                mbed::Ticker::detach()
 .text._ZN4mbed6TickerD2Ev
                0x0000124c       0x1c .objs\pokittolib\mbed-pokitto\common\ticker.o
                0x0000124c                mbed::Ticker::~Ticker()
                0x0000124c                mbed::Ticker::~Ticker()
 .text._ZN4mbed6TickerD0Ev
                0x00001268       0x12 .objs\pokittolib\mbed-pokitto\common\ticker.o
                0x00001268                mbed::Ticker::~Ticker()
 .text._ZN4mbed6Ticker5setupEm
                0x0000127a       0x1c .objs\pokittolib\mbed-pokitto\common\ticker.o
                0x0000127a                mbed::Ticker::setup(unsigned long)
 .text.ticker_set_handler
                0x00001296       0x12 .objs\pokittolib\mbed-pokitto\common\ticker_api.o
                0x00001296                ticker_set_handler
 .text.ticker_irq_handler
                0x000012a8       0x44 .objs\pokittolib\mbed-pokitto\common\ticker_api.o
                0x000012a8                ticker_irq_handler
 .text.ticker_insert_event
                0x000012ec       0x38 .objs\pokittolib\mbed-pokitto\common\ticker_api.o
                0x000012ec                ticker_insert_event
 .text.ticker_remove_event
                0x00001324       0x38 .objs\pokittolib\mbed-pokitto\common\ticker_api.o
                0x00001324                ticker_remove_event
 .text.ticker_read
                0x0000135c        0xa .objs\pokittolib\mbed-pokitto\common\ticker_api.o
                0x0000135c                ticker_read
 .text._ZN4mbed10TimerEvent3irqEm
                0x00001366        0xa .objs\pokittolib\mbed-pokitto\common\timerevent.o
                0x00001366                mbed::TimerEvent::irq(unsigned long)
 .text._ZN4mbed10TimerEventC2Ev
                0x00001370       0x2c .objs\pokittolib\mbed-pokitto\common\timerevent.o
                0x00001370                mbed::TimerEvent::TimerEvent()
                0x00001370                mbed::TimerEvent::TimerEvent()
 .text._ZN4mbed10TimerEvent6insertEm
                0x0000139c       0x10 .objs\pokittolib\mbed-pokitto\common\timerevent.o
                0x0000139c                mbed::TimerEvent::insert(unsigned long)
 .text._ZN4mbed10TimerEvent6removeEv
                0x000013ac        0xc .objs\pokittolib\mbed-pokitto\common\timerevent.o
                0x000013ac                mbed::TimerEvent::remove()
 .text._ZN4mbed10TimerEventD2Ev
                0x000013b8       0x18 .objs\pokittolib\mbed-pokitto\common\timerevent.o
                0x000013b8                mbed::TimerEvent::~TimerEvent()
                0x000013b8                mbed::TimerEvent::~TimerEvent()
 .text.get_us_ticker_data
                0x000013d0        0x8 .objs\pokittolib\mbed-pokitto\common\us_ticker_api.o
                0x000013d0                get_us_ticker_data
 .text.us_ticker_irq_handler
                0x000013d8       0x10 .objs\pokittolib\mbed-pokitto\common\us_ticker_api.o
                0x000013d8                us_ticker_irq_handler
 .text.wait_us  0x000013e8       0x16 .objs\pokittolib\mbed-pokitto\common\wait_api.o
                0x000013e8                wait_us
 .text.wait_ms  0x000013fe        0xe .objs\pokittolib\mbed-pokitto\common\wait_api.o
                0x000013fe                wait_ms
 .text.NVIC_SetVector
                0x0000140c       0x30 .objs\pokittolib\mbed-pokitto\targets\cmsis\target_nxp\target_lpc11u6x\cmsis_nvic.o
                0x0000140c                NVIC_SetVector
 .text.SystemInit
                0x0000143c      0x12c .objs\pokittolib\mbed-pokitto\targets\cmsis\target_nxp\target_lpc11u6x\system_lpc11u6x.o
                0x0000143c                SystemInit
 .text.IntDefaultHandler
                0x00001568        0x2 .objs\pokittolib\mbed-pokitto\targets\cmsis\target_nxp\target_lpc11u6x\toolchain_gcc_arm\target_lpc11u68\startup_lpc11u68.o
                0x00001568                TIMER16_0_IRQHandler
                0x00001568                I2C0_IRQHandler
                0x00001568                I2C1_IRQHandler
                0x00001568                TIMER32_0_IRQHandler
                0x00001568                ADCB_IRQHandler
                0x00001568                SCT0_1_IRQHandler
                0x00001568                TIMER32_1_IRQHandler
                0x00001568                PIN_INT6_IRQHandler
                0x00001568                IntDefaultHandler
                0x00001568                PIN_INT4_IRQHandler
                0x00001568                SSP0_IRQHandler
                0x00001568                RTC_IRQHandler
                0x00001568                USBWakeup_IRQHandler
                0x00001568                USART0_IRQHandler
                0x00001568                PIN_INT5_IRQHandler
                0x00001568                PIN_INT2_IRQHandler
                0x00001568                TIMER16_1_IRQHandler
                0x00001568                USB_FIQHandler
                0x00001568                USART1_4_IRQHandler
                0x00001568                SSP1_IRQHandler
                0x00001568                PIN_INT7_IRQHandler
                0x00001568                BOD_WDT_IRQHandler
                0x00001568                PIN_INT1_IRQHandler
                0x00001568                USB_IRQHandler
                0x00001568                USART2_3_IRQHandler
                0x00001568                PIN_INT0_IRQHandler
                0x00001568                GINT0_IRQHandler
                0x00001568                DMA_IRQHandler
                0x00001568                PIN_INT3_IRQHandler
                0x00001568                FMC_IRQHandler
                0x00001568                GINT1_IRQHandler
                0x00001568                ADCA_IRQHandler
 .text.NMI_Handler
                0x0000156a        0x2 .objs\pokittolib\mbed-pokitto\targets\cmsis\target_nxp\target_lpc11u6x\toolchain_gcc_arm\target_lpc11u68\startup_lpc11u68.o
                0x0000156a                NMI_Handler
 .text.HardFault_Handler
                0x0000156c        0x2 .objs\pokittolib\mbed-pokitto\targets\cmsis\target_nxp\target_lpc11u6x\toolchain_gcc_arm\target_lpc11u68\startup_lpc11u68.o
                0x0000156c                HardFault_Handler
 .text.SVC_Handler
                0x0000156e        0x2 .objs\pokittolib\mbed-pokitto\targets\cmsis\target_nxp\target_lpc11u6x\toolchain_gcc_arm\target_lpc11u68\startup_lpc11u68.o
                0x0000156e                SVC_Handler
 .text.PendSV_Handler
                0x00001570        0x2 .objs\pokittolib\mbed-pokitto\targets\cmsis\target_nxp\target_lpc11u6x\toolchain_gcc_arm\target_lpc11u68\startup_lpc11u68.o
                0x00001570                PendSV_Handler
 .text.data_init
                0x00001572       0x12 .objs\pokittolib\mbed-pokitto\targets\cmsis\target_nxp\target_lpc11u6x\toolchain_gcc_arm\target_lpc11u68\startup_lpc11u68.o
                0x00001572                data_init
 .text.bss_init
                0x00001584       0x10 .objs\pokittolib\mbed-pokitto\targets\cmsis\target_nxp\target_lpc11u6x\toolchain_gcc_arm\target_lpc11u68\startup_lpc11u68.o
                0x00001584                bss_init
 .text.__aeabi_atexit
                0x00001594        0x4 .objs\pokittolib\mbed-pokitto\targets\cmsis\target_nxp\target_lpc11u6x\toolchain_gcc_arm\target_lpc11u68\startup_lpc11u68.o
                0x00001594                __aeabi_atexit
 .text._ZdlPv   0x00001598        0x8 .objs\pokittolib\mbed-pokitto\targets\cmsis\target_nxp\target_lpc11u6x\toolchain_gcc_arm\target_lpc11u68\startup_lpc11u68.o
                0x00001598                operator delete(void*)
 .text.gpio_set
                0x000015a0       0x94 .objs\pokittolib\mbed-pokitto\targets\hal\target_nxp\target_lpc11u6x\gpio_api.o
                0x000015a0                gpio_set
 .text.gpio_init
                0x00001634       0x44 .objs\pokittolib\mbed-pokitto\targets\hal\target_nxp\target_lpc11u6x\gpio_api.o
                0x00001634                gpio_init
 .text.gpio_mode
                0x00001678        0xa .objs\pokittolib\mbed-pokitto\targets\hal\target_nxp\target_lpc11u6x\gpio_api.o
                0x00001678                gpio_mode
 *fill*         0x00001682        0x2 ff
 .text.gpio_dir
                0x00001684       0x3c .objs\pokittolib\mbed-pokitto\targets\hal\target_nxp\target_lpc11u6x\gpio_api.o
                0x00001684                gpio_dir
 .text.handle_interrupt_in
                0x000016c0       0x64 .objs\pokittolib\mbed-pokitto\targets\hal\target_nxp\target_lpc11u6x\gpio_irq_api.o
 .text.gpio_irq0
                0x00001724        0xa .objs\pokittolib\mbed-pokitto\targets\hal\target_nxp\target_lpc11u6x\gpio_irq_api.o
                0x00001724                gpio_irq0
 .text.gpio_irq1
                0x0000172e        0xa .objs\pokittolib\mbed-pokitto\targets\hal\target_nxp\target_lpc11u6x\gpio_irq_api.o
                0x0000172e                gpio_irq1
 .text.gpio_irq2
                0x00001738        0xa .objs\pokittolib\mbed-pokitto\targets\hal\target_nxp\target_lpc11u6x\gpio_irq_api.o
                0x00001738                gpio_irq2
 .text.gpio_irq3
                0x00001742        0xa .objs\pokittolib\mbed-pokitto\targets\hal\target_nxp\target_lpc11u6x\gpio_irq_api.o
                0x00001742                gpio_irq3
 .text.gpio_irq4
                0x0000174c        0xa .objs\pokittolib\mbed-pokitto\targets\hal\target_nxp\target_lpc11u6x\gpio_irq_api.o
                0x0000174c                gpio_irq4
 .text.gpio_irq5
                0x00001756        0xa .objs\pokittolib\mbed-pokitto\targets\hal\target_nxp\target_lpc11u6x\gpio_irq_api.o
                0x00001756                gpio_irq5
 .text.gpio_irq6
                0x00001760        0xa .objs\pokittolib\mbed-pokitto\targets\hal\target_nxp\target_lpc11u6x\gpio_irq_api.o
                0x00001760                gpio_irq6
 .text.gpio_irq7
                0x0000176a        0xa .objs\pokittolib\mbed-pokitto\targets\hal\target_nxp\target_lpc11u6x\gpio_irq_api.o
                0x0000176a                gpio_irq7
 .text.gpio_irq_init
                0x00001774       0xc4 .objs\pokittolib\mbed-pokitto\targets\hal\target_nxp\target_lpc11u6x\gpio_irq_api.o
                0x00001774                gpio_irq_init
 .text.gpio_irq_free
                0x00001838       0x28 .objs\pokittolib\mbed-pokitto\targets\hal\target_nxp\target_lpc11u6x\gpio_irq_api.o
                0x00001838                gpio_irq_free
 .text.gpio_irq_set
                0x00001860       0x4c .objs\pokittolib\mbed-pokitto\targets\hal\target_nxp\target_lpc11u6x\gpio_irq_api.o
                0x00001860                gpio_irq_set
 .text.pin_function
                0x000018ac       0x38 .objs\pokittolib\mbed-pokitto\targets\hal\target_nxp\target_lpc11u6x\pinmap.o
                0x000018ac                pin_function
 .text.pin_mode
                0x000018e4       0x5c .objs\pokittolib\mbed-pokitto\targets\hal\target_nxp\target_lpc11u6x\pinmap.o
                0x000018e4                pin_mode
 .text.pwmout_write
                0x00001940       0x46 .objs\pokittolib\mbed-pokitto\targets\hal\target_nxp\target_lpc11u6x\pwmout_api.o
                0x00001940                pwmout_write
 .text.pwmout_period_us
                0x00001986       0x42 .objs\pokittolib\mbed-pokitto\targets\hal\target_nxp\target_lpc11u6x\pwmout_api.o
                0x00001986                pwmout_period_us
 .text.pwmout_init
                0x000019c8      0x18c .objs\pokittolib\mbed-pokitto\targets\hal\target_nxp\target_lpc11u6x\pwmout_api.o
                0x000019c8                pwmout_init
 .text.spi_init
                0x00001b54      0x100 .objs\pokittolib\mbed-pokitto\targets\hal\target_nxp\target_lpc11u6x\spi_api.o
                0x00001b54                spi_init
 .text.spi_format
                0x00001c54       0x6c .objs\pokittolib\mbed-pokitto\targets\hal\target_nxp\target_lpc11u6x\spi_api.o
                0x00001c54                spi_format
 .text.spi_frequency
                0x00001cc0       0x88 .objs\pokittolib\mbed-pokitto\targets\hal\target_nxp\target_lpc11u6x\spi_api.o
                0x00001cc0                spi_frequency
 .text.spi_master_write
                0x00001d48       0x18 .objs\pokittolib\mbed-pokitto\targets\hal\target_nxp\target_lpc11u6x\spi_api.o
                0x00001d48                spi_master_write
 .text.us_ticker_init
                0x00001d60       0x60 .objs\pokittolib\mbed-pokitto\targets\hal\target_nxp\target_lpc11u6x\us_ticker.o
                0x00001d60                us_ticker_init
 .text.us_ticker_read
                0x00001dc0       0x1c .objs\pokittolib\mbed-pokitto\targets\hal\target_nxp\target_lpc11u6x\us_ticker.o
                0x00001dc0                us_ticker_read
 .text.us_ticker_set_interrupt
                0x00001ddc       0x14 .objs\pokittolib\mbed-pokitto\targets\hal\target_nxp\target_lpc11u6x\us_ticker.o
                0x00001ddc                us_ticker_set_interrupt
 .text.us_ticker_disable_interrupt
                0x00001df0       0x10 .objs\pokittolib\mbed-pokitto\targets\hal\target_nxp\target_lpc11u6x\us_ticker.o
                0x00001df0                us_ticker_disable_interrupt
 .text.us_ticker_clear_interrupt
                0x00001e00        0xc .objs\pokittolib\mbed-pokitto\targets\hal\target_nxp\target_lpc11u6x\us_ticker.o
                0x00001e00                us_ticker_clear_interrupt
 .text._ZN7Pokitto9Backlight5beginEv
                0x00001e0c        0x2 .objs\pokittolib\pokitto_core\pokittobacklight.o
                0x00001e0c                Pokitto::Backlight::begin()
 .text._ZN7Pokitto9Backlight3setEh
                0x00001e0e        0x2 .objs\pokittolib\pokitto_core\pokittobacklight.o
                0x00001e0e                Pokitto::Backlight::set(unsigned char)
 .text._ZN7Pokitto7Battery5beginEv
                0x00001e10        0x2 .objs\pokittolib\pokitto_core\pokittobattery.o
                0x00001e10                Pokitto::Battery::begin()
 *fill*         0x00001e12        0x2 ff
 .text._ZN7Pokitto7Battery6updateEv
                0x00001e14        0xc .objs\pokittolib\pokitto_core\pokittobattery.o
                0x00001e14                Pokitto::Battery::update()
 .text._ZN7Pokitto7Buttons5beginEv
                0x00001e20        0x8 .objs\pokittolib\pokitto_core\pokittobuttons.o
                0x00001e20                Pokitto::Buttons::begin()
 .text._ZN7Pokitto7Buttons6updateEv
                0x00001e28       0x44 .objs\pokittolib\pokitto_core\pokittobuttons.o
                0x00001e28                Pokitto::Buttons::update()
 .text._ZN7Pokitto7Buttons7pressedEh
                0x00001e6c       0x14 .objs\pokittolib\pokitto_core\pokittobuttons.o
                0x00001e6c                Pokitto::Buttons::pressed(unsigned char)
 .text._ZN7Pokitto7Buttons11pollButtonsEv
                0x00001e80       0x8c .objs\pokittolib\pokitto_core\pokittobuttons.o
                0x00001e80                Pokitto::Buttons::pollButtons()
 .text._ZN7Pokitto7Buttons4aBtnEv
                0x00001f0c        0xc .objs\pokittolib\pokitto_core\pokittobuttons.o
                0x00001f0c                Pokitto::Buttons::aBtn()
 .text._ZN7Pokitto7Buttons5upBtnEv
                0x00001f18        0xc .objs\pokittolib\pokitto_core\pokittobuttons.o
                0x00001f18                Pokitto::Buttons::upBtn()
 .text._ZN7Pokitto7Buttons7downBtnEv
                0x00001f24        0xc .objs\pokittolib\pokitto_core\pokittobuttons.o
                0x00001f24                Pokitto::Buttons::downBtn()
 .text._ZN7Pokitto7ConsoleC2Ev
                0x00001f30       0x48 .objs\pokittolib\pokitto_core\pokittoconsole.o
                0x00001f30                Pokitto::Console::Console()
                0x00001f30                Pokitto::Console::Console()
 .text.startup._GLOBAL__sub_I_pConsole
                0x00001f78       0x10 .objs\pokittolib\pokitto_core\pokittoconsole.o
 .text._Z17start_applicationm
                0x00001f88       0xb8 .objs\pokittolib\pokitto_core\pokittocore.o
                0x00001f88                start_application(unsigned long)
 .text._ZN7Pokitto4CoreC2Ev
                0x00002040        0x2 .objs\pokittolib\pokitto_core\pokittocore.o
                0x00002040                Pokitto::Core::Core()
                0x00002040                Pokitto::Core::Core()
 *fill*         0x00002042        0x2 ff
 .text._ZN7Pokitto4Core12updateLoaderEmm
                0x00002044       0x80 .objs\pokittolib\pokitto_core\pokittocore.o
                0x00002044                Pokitto::Core::updateLoader(unsigned long, unsigned long)
 .text._ZN7Pokitto4Core12jumpToLoaderEv
                0x000020c4      0x1a0 .objs\pokittolib\pokitto_core\pokittocore.o
                0x000020c4                Pokitto::Core::jumpToLoader()
 .text._ZN7Pokitto4Core9askLoaderEv
                0x00002264      0x158 .objs\pokittolib\pokitto_core\pokittocore.o
                0x00002264                Pokitto::Core::askLoader()
 .text._ZN7Pokitto4Core10drawvolbarEiiib
                0x000023bc      0x1dc .objs\pokittolib\pokitto_core\pokittocore.o
                0x000023bc                Pokitto::Core::drawvolbar(int, int, int, bool)
 .text._ZN7Pokitto4Core11setVolLimitEv
                0x00002598      0x29c .objs\pokittolib\pokitto_core\pokittocore.o
                0x00002598                Pokitto::Core::setVolLimit()
 .text._ZN7Pokitto4Core4initEv
                0x00002834       0x30 .objs\pokittolib\pokitto_core\pokittocore.o
                0x00002834                Pokitto::Core::init()
 .text._ZN7Pokitto4Core9isRunningEv
                0x00002864        0xc .objs\pokittolib\pokitto_core\pokittocore.o
                0x00002864                Pokitto::Core::isRunning()
 .text._ZN7Pokitto4Core8showLogoEv
                0x00002870       0xb8 .objs\pokittolib\pokitto_core\pokittocore.o
                0x00002870                Pokitto::Core::showLogo()
 .text._ZN7Pokitto4Core12readSettingsEv
                0x00002928       0x20 .objs\pokittolib\pokitto_core\pokittocore.o
                0x00002928                Pokitto::Core::readSettings()
 .text._ZN7Pokitto4Core5beginEv
                0x00002948       0xf8 .objs\pokittolib\pokitto_core\pokittocore.o
                0x00002948                Pokitto::Core::begin()
 .text.startup._GLOBAL__sub_I_selectedfile
                0x00002a40       0x10 .objs\pokittolib\pokitto_core\pokittocore.o
 .text._Z8fileOpenPcc
                0x00002a50       0x4c .objs\pokittolib\pokitto_core\pokittodisk.o
                0x00002a50                fileOpen(char*, char)
 .text._Z13fileReadBytesPht
                0x00002a9c       0x10 .objs\pokittolib\pokitto_core\pokittodisk.o
                0x00002a9c                fileReadBytes(unsigned char*, unsigned short)
 .text._Z16fileSeekRelativel
                0x00002aac       0x28 .objs\pokittolib\pokitto_core\pokittodisk.o
                0x00002aac                fileSeekRelative(long)
 .text._Z10fileRewindv
                0x00002ad4       0x14 .objs\pokittolib\pokitto_core\pokittodisk.o
                0x00002ad4                fileRewind()
 .text._Z7fileEndv
                0x00002ae8       0x18 .objs\pokittolib\pokitto_core\pokittodisk.o
                0x00002ae8                fileEnd()
 .text._Z15fileGetPositionv
                0x00002b00        0xc .objs\pokittolib\pokitto_core\pokittodisk.o
                0x00002b00                fileGetPosition()
 .text.startup._GLOBAL__sub_I_res
                0x00002b0c       0x38 .objs\pokittolib\pokitto_core\pokittodisk.o
 .text._ZN7Pokitto7Display8clearLCDEv
                0x00002b44       0x1c .objs\pokittolib\pokitto_core\pokittodisplay.o
                0x00002b44                Pokitto::Display::clearLCD()
 .text._ZN7Pokitto7Display7fillLCDEt
                0x00002b60        0x8 .objs\pokittolib\pokitto_core\pokittodisplay.o
                0x00002b60                Pokitto::Display::fillLCD(unsigned short)
 .text._ZN7Pokitto7Display15directRectangleEsssst
                0x00002b68        0xe .objs\pokittolib\pokitto_core\pokittodisplay.o
                0x00002b68                Pokitto::Display::directRectangle(short, short, short, short, unsigned short)
 .text._ZN7Pokitto7Display5beginEv
                0x00002b76        0x8 .objs\pokittolib\pokitto_core\pokittodisplay.o
                0x00002b76                Pokitto::Display::begin()
 *fill*         0x00002b7e        0x2 ff
 .text._ZN7Pokitto7Display9setCursorEss
                0x00002b80       0x14 .objs\pokittolib\pokitto_core\pokittodisplay.o
                0x00002b80                Pokitto::Display::setCursor(short, short)
 .text._ZN7Pokitto7Display12directBitmapEssPKhhh
                0x00002b94      0x234 .objs\pokittolib\pokitto_core\pokittodisplay.o
                0x00002b94                Pokitto::Display::directBitmap(short, short, unsigned char const*, unsigned char, unsigned char)
 .text._ZN7Pokitto7Display10directCharEsst
                0x00002dc8      0x154 .objs\pokittolib\pokitto_core\pokittodisplay.o
                0x00002dc8                Pokitto::Display::directChar(short, short, unsigned short)
 .text._ZN7Pokitto7Display5clearEv
                0x00002f1c       0x64 .objs\pokittolib\pokitto_core\pokittodisplay.o
                0x00002f1c                Pokitto::Display::clear()
 .text._ZN7Pokitto7Display6updateEv
                0x00002f80       0x28 .objs\pokittolib\pokitto_core\pokittodisplay.o
                0x00002f80                Pokitto::Display::update()
 .text._ZN7Pokitto7Display17setDefaultPaletteEv
                0x00002fa8       0x10 .objs\pokittolib\pokitto_core\pokittodisplay.o
                0x00002fa8                Pokitto::Display::setDefaultPalette()
 .text._ZN7Pokitto7Display9drawPixelEssh
                0x00002fb8       0x3c .objs\pokittolib\pokitto_core\pokittodisplay.o
                0x00002fb8                Pokitto::Display::drawPixel(short, short, unsigned char)
 .text._ZN7Pokitto7Display10bufferCharEsst
                0x00002ff4       0xb4 .objs\pokittolib\pokitto_core\pokittodisplay.o
                0x00002ff4                Pokitto::Display::bufferChar(short, short, unsigned short)
 .text._ZN7Pokitto7Display9drawPixelEss
                0x000030a8       0x34 .objs\pokittolib\pokitto_core\pokittodisplay.o
                0x000030a8                Pokitto::Display::drawPixel(short, short)
 .text._ZN7Pokitto7Display8clipLineEPsS1_S1_S1_
                0x000030dc      0x158 .objs\pokittolib\pokitto_core\pokittodisplay.o
                0x000030dc                Pokitto::Display::clipLine(short*, short*, short*, short*)
 .text._ZN7Pokitto7Display10drawColumnEsss
                0x00003234       0x48 .objs\pokittolib\pokitto_core\pokittodisplay.o
                0x00003234                Pokitto::Display::drawColumn(short, short, short)
 .text._ZN7Pokitto7Display7drawRowEsss
                0x0000327c       0x48 .objs\pokittolib\pokitto_core\pokittodisplay.o
                0x0000327c                Pokitto::Display::drawRow(short, short, short)
 .text._ZN7Pokitto7Display8drawLineEssss
                0x000032c4      0x110 .objs\pokittolib\pokitto_core\pokittodisplay.o
                0x000032c4                Pokitto::Display::drawLine(short, short, short, short)
 .text._ZN7Pokitto7Display13drawRectangleEssss
                0x000033d4       0x36 .objs\pokittolib\pokitto_core\pokittodisplay.o
                0x000033d4                Pokitto::Display::drawRectangle(short, short, short, short)
 *fill*         0x0000340a        0x2 ff
 .text._ZN7Pokitto7Display13fillRectangleEssss
                0x0000340c       0x7c .objs\pokittolib\pokitto_core\pokittodisplay.o
                0x0000340c                Pokitto::Display::fillRectangle(short, short, short, short)
 .text._ZN7Pokitto7Display6scrollEs
                0x00003488      0x11c .objs\pokittolib\pokitto_core\pokittodisplay.o
                0x00003488                Pokitto::Display::scroll(short)
 .text._ZN7Pokitto7Display8drawRectEssss
                0x000035a4        0x8 .objs\pokittolib\pokitto_core\pokittodisplay.o
                0x000035a4                Pokitto::Display::drawRect(short, short, short, short)
 .text._ZN7Pokitto7Display10drawCircleEsss
                0x000035ac      0x11a .objs\pokittolib\pokitto_core\pokittodisplay.o
                0x000035ac                Pokitto::Display::drawCircle(short, short, short)
 *fill*         0x000036c6        0x2 ff
 .text._ZN7Pokitto7Display7setFontEPKh
                0x000036c8       0x24 .objs\pokittolib\pokitto_core\pokittodisplay.o
                0x000036c8                Pokitto::Display::setFont(unsigned char const*)
 .text._ZN7Pokitto7DisplayC2Ev
                0x000036ec       0x60 .objs\pokittolib\pokitto_core\pokittodisplay.o
                0x000036ec                Pokitto::Display::Display()
                0x000036ec                Pokitto::Display::Display()
 .text._ZN7Pokitto7Display10print_charEhhh
                0x0000374c       0x2c .objs\pokittolib\pokitto_core\pokittodisplay.o
                0x0000374c                Pokitto::Display::print_char(unsigned char, unsigned char, unsigned char)
 .text._ZN7Pokitto7Display8drawCharEaahh
                0x00003778        0xc .objs\pokittolib\pokitto_core\pokittodisplay.o
                0x00003778                Pokitto::Display::drawChar(signed char, signed char, unsigned char, unsigned char)
 .text._ZN7Pokitto7Display23isDirectPrintingEnabledEv
                0x00003784       0x10 .objs\pokittolib\pokitto_core\pokittodisplay.o
                0x00003784                Pokitto::Display::isDirectPrintingEnabled()
 .text._ZN7Pokitto7Display20enableDirectPrintingEh
                0x00003794       0x3c .objs\pokittolib\pokitto_core\pokittodisplay.o
                0x00003794                Pokitto::Display::enableDirectPrinting(unsigned char)
 .text._ZN7Pokitto7Display11inc_txtlineEv
                0x000037d0       0x40 .objs\pokittolib\pokitto_core\pokittodisplay.o
                0x000037d0                Pokitto::Display::inc_txtline()
 .text._ZN7Pokitto7Display5writeEh
                0x00003810       0xc8 .objs\pokittolib\pokitto_core\pokittodisplay.o
                0x00003810                Pokitto::Display::write(unsigned char)
 .text._ZN7Pokitto7Display5writeEPKc
                0x000038d8       0x14 .objs\pokittolib\pokitto_core\pokittodisplay.o
                0x000038d8                Pokitto::Display::write(char const*)
 .text._ZN7Pokitto7Display5printEPKc
                0x000038ec        0x8 .objs\pokittolib\pokitto_core\pokittodisplay.o
                0x000038ec                Pokitto::Display::print(char const*)
 .text._ZN7Pokitto7Display7printlnEv
                0x000038f4       0x10 .objs\pokittolib\pokitto_core\pokittodisplay.o
                0x000038f4                Pokitto::Display::println()
 .text._ZN7Pokitto7Display7printlnEPKc
                0x00003904        0xc .objs\pokittolib\pokitto_core\pokittodisplay.o
                0x00003904                Pokitto::Display::println(char const*)
 .text._ZN7Pokitto7Display10set_cursorEhh
                0x00003910       0x14 .objs\pokittolib\pokitto_core\pokittodisplay.o
                0x00003910                Pokitto::Display::set_cursor(unsigned char, unsigned char)
 .text._ZN7Pokitto7Display11printNumberEmh
                0x00003924       0x54 .objs\pokittolib\pokitto_core\pokittodisplay.o
                0x00003924                Pokitto::Display::printNumber(unsigned long, unsigned char)
 .text._ZN7Pokitto7Display5printEli.part.6
                0x00003978       0x18 .objs\pokittolib\pokitto_core\pokittodisplay.o
 .text._ZN7Pokitto7Display5printEli
                0x00003990       0x20 .objs\pokittolib\pokitto_core\pokittodisplay.o
                0x00003990                Pokitto::Display::print(long, int)
 .text._ZN7Pokitto7Display5printEii
                0x000039b0        0x8 .objs\pokittolib\pokitto_core\pokittodisplay.o
                0x000039b0                Pokitto::Display::print(int, int)
 .text._ZN7Pokitto7Display5printEhhii
                0x000039b8       0x1c .objs\pokittolib\pokitto_core\pokittodisplay.o
                0x000039b8                Pokitto::Display::print(unsigned char, unsigned char, int, int)
 .text._ZN7Pokitto7Display5printEmi
                0x000039d4       0x16 .objs\pokittolib\pokitto_core\pokittodisplay.o
                0x000039d4                Pokitto::Display::print(unsigned long, int)
 .text._ZN7Pokitto7Display7printlnEmi
                0x000039ea        0xc .objs\pokittolib\pokitto_core\pokittodisplay.o
                0x000039ea                Pokitto::Display::println(unsigned long, int)
 *fill*         0x000039f6        0x2 ff
 .text.startup._GLOBAL__sub_I_core
                0x000039f8       0x10 .objs\pokittolib\pokitto_core\pokittodisplay.o
 .text._ZN7Pokitto7Display14load565PaletteEPKt
                0x00003a08       0x24 .objs\pokittolib\pokitto_core\pokittopalette.o
                0x00003a08                Pokitto::Display::load565Palette(unsigned short const*)
 .text._ZN7Pokitto7Display13rotatePaletteEa
                0x00003a2c       0x90 .objs\pokittolib\pokitto_core\pokittopalette.o
                0x00003a2c                Pokitto::Display::rotatePalette(signed char)
 .text._ZN7Pokitto7Display8RGBto565Ehhh
                0x00003abc       0x10 .objs\pokittolib\pokitto_core\pokittopalette.o
                0x00003abc                Pokitto::Display::RGBto565(unsigned char, unsigned char, unsigned char)
 .text._ZN7Pokitto7Display14loadRGBPaletteEPKh
                0x00003acc       0x30 .objs\pokittolib\pokitto_core\pokittopalette.o
                0x00003acc                Pokitto::Display::loadRGBPalette(unsigned char const*)
 .text._ZN7Pokitto7Display16interpolateColorEtth
                0x00003afc       0x5c .objs\pokittolib\pokitto_core\pokittopalette.o
                0x00003afc                Pokitto::Display::interpolateColor(unsigned short, unsigned short, unsigned char)
 .text._ZN7Pokitto5Sound7commandEhhah.part.0
                0x00003b58       0x44 .objs\pokittolib\pokitto_core\pokittosound.o
 .text._ZN7Pokitto5Sound5beginEv
                0x00003b9c       0x38 .objs\pokittolib\pokitto_core\pokittosound.o
                0x00003b9c                Pokitto::Sound::begin()
 .text._ZN7Pokitto5Sound7commandEhhah
                0x00003bd4       0x84 .objs\pokittolib\pokitto_core\pokittosound.o
                0x00003bd4                Pokitto::Sound::command(unsigned char, unsigned char, signed char, unsigned char)
 .text._ZN7Pokitto5Sound8playNoteEhhh
                0x00003c58       0x4c .objs\pokittolib\pokitto_core\pokittosound.o
                0x00003c58                Pokitto::Sound::playNote(unsigned char, unsigned char, unsigned char)
 .text._ZN7Pokitto5Sound12updateOutputEv
                0x00003ca4       0x28 .objs\pokittolib\pokitto_core\pokittosound.o
                0x00003ca4                Pokitto::Sound::updateOutput()
 .text._ZN7Pokitto5Sound8stopNoteEh
                0x00003ccc       0x44 .objs\pokittolib\pokitto_core\pokittosound.o
                0x00003ccc                Pokitto::Sound::stopNote(unsigned char)
 .text._ZN7Pokitto5Sound11stopPatternEh
                0x00003d10       0x14 .objs\pokittolib\pokitto_core\pokittosound.o
                0x00003d10                Pokitto::Sound::stopPattern(unsigned char)
 .text._ZN7Pokitto5Sound11playPatternEPKth.part.3
                0x00003d24       0x50 .objs\pokittolib\pokitto_core\pokittosound.o
 .text._ZN7Pokitto5Sound11playPatternEPKth
                0x00003d74        0xc .objs\pokittolib\pokitto_core\pokittosound.o
                0x00003d74                Pokitto::Sound::playPattern(unsigned short const*, unsigned char)
 .text._ZN7Pokitto5Sound14generateOutputEv
                0x00003d80       0x6c .objs\pokittolib\pokitto_core\pokittosound.o
                0x00003d80                Pokitto::Sound::generateOutput()
 .text._ZN7Pokitto9audio_IRQEv
                0x00003dec        0x8 .objs\pokittolib\pokitto_core\pokittosound.o
                0x00003dec                Pokitto::audio_IRQ()
 .text._ZN7Pokitto5Sound9setVolumeEs
                0x00003df4       0x3c .objs\pokittolib\pokitto_core\pokittosound.o
                0x00003df4                Pokitto::Sound::setVolume(short)
 .text._ZN7Pokitto5Sound9setMaxVolEs
                0x00003e30       0x28 .objs\pokittolib\pokitto_core\pokittosound.o
                0x00003e30                Pokitto::Sound::setMaxVol(short)
 .text._ZN7Pokitto5Sound8volumeUpEv
                0x00003e58       0x1c .objs\pokittolib\pokitto_core\pokittosound.o
                0x00003e58                Pokitto::Sound::volumeUp()
 .text._ZN7Pokitto5Sound10volumeDownEv
                0x00003e74       0x1c .objs\pokittolib\pokitto_core\pokittosound.o
                0x00003e74                Pokitto::Sound::volumeDown()
 .text._ZN7Pokitto5Sound9getVolumeEv
                0x00003e90        0xc .objs\pokittolib\pokitto_core\pokittosound.o
                0x00003e90                Pokitto::Sound::getVolume()
 .text.startup._GLOBAL__sub_I_c
                0x00003e9c       0x10 .objs\pokittolib\pokitto_core\pokittosound.o
 .text._Z8APressedv
                0x00003eac        0xc .objs\pokittolib\pokitto_hw\hwbuttons.o
                0x00003eac                APressed()
 .text._Z9AReleasedv
                0x00003eb8        0xc .objs\pokittolib\pokitto_hw\hwbuttons.o
                0x00003eb8                AReleased()
 .text._Z8BPressedv
                0x00003ec4        0xc .objs\pokittolib\pokitto_hw\hwbuttons.o
                0x00003ec4                BPressed()
 .text._Z9BReleasedv
                0x00003ed0        0xc .objs\pokittolib\pokitto_hw\hwbuttons.o
                0x00003ed0                BReleased()
 .text._Z8CPressedv
                0x00003edc        0xc .objs\pokittolib\pokitto_hw\hwbuttons.o
                0x00003edc                CPressed()
 .text._Z9CReleasedv
                0x00003ee8        0xc .objs\pokittolib\pokitto_hw\hwbuttons.o
                0x00003ee8                CReleased()
 .text._Z8UPressedv
                0x00003ef4        0xc .objs\pokittolib\pokitto_hw\hwbuttons.o
                0x00003ef4                UPressed()
 .text._Z9UReleasedv
                0x00003f00        0xc .objs\pokittolib\pokitto_hw\hwbuttons.o
                0x00003f00                UReleased()
 .text._Z8DPressedv
                0x00003f0c        0xc .objs\pokittolib\pokitto_hw\hwbuttons.o
                0x00003f0c                DPressed()
 .text._Z9DReleasedv
                0x00003f18        0xc .objs\pokittolib\pokitto_hw\hwbuttons.o
                0x00003f18                DReleased()
 .text._Z9RReleasedv
                0x00003f24        0xc .objs\pokittolib\pokitto_hw\hwbuttons.o
                0x00003f24                RReleased()
 .text._Z9LReleasedv
                0x00003f30        0xc .objs\pokittolib\pokitto_hw\hwbuttons.o
                0x00003f30                LReleased()
 .text._Z8RPressedv
                0x00003f3c       0x1c .objs\pokittolib\pokitto_hw\hwbuttons.o
                0x00003f3c                RPressed()
 .text._Z8LPressedv
                0x00003f58       0x1c .objs\pokittolib\pokitto_hw\hwbuttons.o
                0x00003f58                LPressed()
 .text._ZN7Pokitto11initButtonsEv
                0x00003f74       0xd8 .objs\pokittolib\pokitto_hw\hwbuttons.o
                0x00003f74                Pokitto::initButtons()
 .text._ZN7Pokitto4Core4aBtnEv
                0x0000404c        0xc .objs\pokittolib\pokitto_hw\hwbuttons.o
                0x0000404c                Pokitto::Core::aBtn()
 .text._ZN7Pokitto4Core4bBtnEv
                0x00004058        0xc .objs\pokittolib\pokitto_hw\hwbuttons.o
                0x00004058                Pokitto::Core::bBtn()
 .text._ZN7Pokitto4Core4cBtnEv
                0x00004064        0xc .objs\pokittolib\pokitto_hw\hwbuttons.o
                0x00004064                Pokitto::Core::cBtn()
 .text._ZN7Pokitto4Core7leftBtnEv
                0x00004070        0xc .objs\pokittolib\pokitto_hw\hwbuttons.o
                0x00004070                Pokitto::Core::leftBtn()
 .text._ZN7Pokitto4Core8rightBtnEv
                0x0000407c        0xc .objs\pokittolib\pokitto_hw\hwbuttons.o
                0x0000407c                Pokitto::Core::rightBtn()
 .text.startup._GLOBAL__sub_I__s
                0x00004088       0xe0 .objs\pokittolib\pokitto_hw\hwbuttons.o
 .text._ZL13setup_data_16t
                0x00004168       0x30 .objs\pokittolib\pokitto_hw\hwlcd.o
 .text._Z16write_command_16t
                0x00004198       0x30 .objs\pokittolib\pokitto_hw\hwlcd.o
                0x00004198                write_command_16(unsigned short)
 .text._Z13write_data_16t
                0x000041c8       0x30 .objs\pokittolib\pokitto_hw\hwlcd.o
                0x000041c8                write_data_16(unsigned short)
 .text._ZN7Pokitto13initBacklightEv
                0x000041f8       0x2c .objs\pokittolib\pokitto_hw\hwlcd.o
                0x000041f8                Pokitto::initBacklight()
 .text._ZN7Pokitto14lcdFillSurfaceEt
                0x00004224       0x60 .objs\pokittolib\pokitto_hw\hwlcd.o
                0x00004224                Pokitto::lcdFillSurface(unsigned short)
 .text._ZN7Pokitto8lcdClearEv
                0x00004284       0x5c .objs\pokittolib\pokitto_hw\hwlcd.o
                0x00004284                Pokitto::lcdClear()
 .text._ZN7Pokitto7lcdInitEv
                0x000042e0      0x224 .objs\pokittolib\pokitto_hw\hwlcd.o
                0x000042e0                Pokitto::lcdInit()
 .text._ZN7Pokitto9setWindowEhhhh
                0x00004504       0x58 .objs\pokittolib\pokitto_hw\hwlcd.o
                0x00004504                Pokitto::setWindow(unsigned char, unsigned char, unsigned char, unsigned char)
 .text._ZN7Pokitto8lcdPixelEsst
                0x0000455c       0x36 .objs\pokittolib\pokitto_hw\hwlcd.o
                0x0000455c                Pokitto::lcdPixel(short, short, unsigned short)
 .text._ZN7Pokitto12lcdRectangleEsssst
                0x00004592       0x4c .objs\pokittolib\pokitto_hw\hwlcd.o
                0x00004592                Pokitto::lcdRectangle(short, short, short, short, unsigned short)
 *fill*         0x000045de        0x2 ff
 .text._ZN7Pokitto16lcdRefreshMode13EPhPt
                0x000045e0      0x174 .objs\pokittolib\pokitto_hw\hwlcd.o
                0x000045e0                Pokitto::lcdRefreshMode13(unsigned char*, unsigned short*)
 .text._ZN4mbed10DigitalOutC2E7PinName
                0x00004754       0x1a .objs\pokittolib\pokitto_hw\hwsound.o
                0x00004754                mbed::DigitalOut::DigitalOut(PinName)
                0x00004754                mbed::DigitalOut::DigitalOut(PinName)
 *fill*         0x0000476e        0x2 ff
 .text._ZN7Pokitto11setHWvolumeEh
                0x00004770       0x38 .objs\pokittolib\pokitto_hw\hwsound.o
                0x00004770                Pokitto::setHWvolume(unsigned char)
 .text._Z19initHWvolumecontrolv
                0x000047a8       0x20 .objs\pokittolib\pokitto_hw\hwsound.o
                0x000047a8                initHWvolumecontrol()
 .text._ZN7Pokitto9ampEnableEh
                0x000047c8       0x34 .objs\pokittolib\pokitto_hw\hwsound.o
                0x000047c8                Pokitto::ampEnable(unsigned char)
 .text._ZN7Pokitto9dac_writeEh
                0x000047fc       0xc0 .objs\pokittolib\pokitto_hw\hwsound.o
                0x000047fc                Pokitto::dac_write(unsigned char)
 .text._ZN7Pokitto9soundInitEv
                0x000048bc       0x48 .objs\pokittolib\pokitto_hw\hwsound.o
                0x000048bc                Pokitto::soundInit()
 .text.startup._GLOBAL__sub_I__ZN7Pokitto8audiopwmE
                0x00004904       0xc0 .objs\pokittolib\pokitto_hw\hwsound.o
 .text._Z15CopyPageToFlashmPh
                0x000049c4      0x16c .objs\pokittolib\pokitto_hw\iap.o
                0x000049c4                CopyPageToFlash(unsigned long, unsigned char*)
 .text.SysTick_Handler
                0x00004b30       0x10 .objs\pokittolib\pokitto_hw\pokittoclock.o
                0x00004b30                SysTick_Handler
 .text._ZN7Pokitto4Core9initClockEv
                0x00004b40       0x20 .objs\pokittolib\pokitto_hw\pokittoclock.o
                0x00004b40                Pokitto::Core::initClock()
 .text._ZN7Pokitto4Core7getTimeEv
                0x00004b60        0xc .objs\pokittolib\pokitto_hw\pokittoclock.o
                0x00004b60                Pokitto::Core::getTime()
 .text._ZN7Pokitto4Core10initRandomEv
                0x00004b6c        0x2 .objs\pokittolib\pokitto_hw\pokittohw.o
                0x00004b6c                Pokitto::Core::initRandom()
 *fill*         0x00004b6e        0x2 ff
 .text._ZN7Pokitto4Core8initGPIOEv
                0x00004b70      0x108 .objs\pokittolib\pokitto_hw\pokittohw.o
                0x00004b70                Pokitto::Core::initGPIO()
 .text.gpio_write
                0x00004c78       0x30 .objs\pokittolib\pokitto_hw\softwarei2c.o
 .text.gpio_read
                0x00004ca8       0x2c .objs\pokittolib\pokitto_hw\softwarei2c.o
 .text._ZN4mbed12DigitalInOut6outputEv
                0x00004cd4        0xa .objs\pokittolib\pokitto_hw\softwarei2c.o
                0x00004cd4                mbed::DigitalInOut::output()
 .text._ZN11SoftwareI2C5startEv
                0x00004cde       0x46 .objs\pokittolib\pokitto_hw\softwarei2c.o
                0x00004cde                SoftwareI2C::start()
 .text._ZN11SoftwareI2C4stopEv
                0x00004d24       0x36 .objs\pokittolib\pokitto_hw\softwarei2c.o
                0x00004d24                SoftwareI2C::stop()
 .text._ZN11SoftwareI2C7putByteEh
                0x00004d5a       0x48 .objs\pokittolib\pokitto_hw\softwarei2c.o
                0x00004d5a                SoftwareI2C::putByte(unsigned char)
 .text._ZN11SoftwareI2C6getAckEv
                0x00004da2       0x52 .objs\pokittolib\pokitto_hw\softwarei2c.o
                0x00004da2                SoftwareI2C::getAck()
 .text._ZN11SoftwareI2CC2E7PinNameS0_
                0x00004df4       0x94 .objs\pokittolib\pokitto_hw\softwarei2c.o
                0x00004df4                SoftwareI2C::SoftwareI2C(PinName, PinName)
                0x00004df4                SoftwareI2C::SoftwareI2C(PinName, PinName)
 .text._ZN11SoftwareI2CD2Ev
                0x00004e88        0x2 .objs\pokittolib\pokitto_hw\softwarei2c.o
                0x00004e88                SoftwareI2C::~SoftwareI2C()
                0x00004e88                SoftwareI2C::~SoftwareI2C()
 .text._ZN11SoftwareI2C5writeEhh
                0x00004e8a       0x34 .objs\pokittolib\pokitto_hw\softwarei2c.o
                0x00004e8a                SoftwareI2C::write(unsigned char, unsigned char)
 *fill*         0x00004ebe        0x2 ff
 .text.startup._GLOBAL__sub_I_playing
                0x00004ec0       0x2c .objs\pokittolib\pokitto_libs\synth\synth.o
 .text.startup._GLOBAL__sub_I__dc
                0x00004eec       0x10 .objs\pokittolib\pokitto_xternals\arduino\delay.o
 .text.floor    0x00004efc      0x130 c:/program files (x86)/embitz/1.11/share/em_armgcc/bin/../lib/gcc/arm-none-eabi/5.4.1/../../../../arm-none-eabi/lib/armv6-m\libm.a(lib_a-s_floor.o)
                0x00004efc                floor
 .text.abs      0x0000502c        0x8 c:/program files (x86)/embitz/1.11/share/em_armgcc/bin/../lib/gcc/arm-none-eabi/5.4.1/../../../../arm-none-eabi/lib/armv6-m\libc_n.a(lib_a-abs.o)
                0x0000502c                abs
 .text.exit     0x00005034       0x2c c:/program files (x86)/embitz/1.11/share/em_armgcc/bin/../lib/gcc/arm-none-eabi/5.4.1/../../../../arm-none-eabi/lib/armv6-m\libc_n.a(lib_a-exit.o)
                0x00005034                exit
 .text.__libc_init_array
                0x00005060       0x4c c:/program files (x86)/embitz/1.11/share/em_armgcc/bin/../lib/gcc/arm-none-eabi/5.4.1/../../../../arm-none-eabi/lib/armv6-m\libc_n.a(lib_a-init.o)
                0x00005060                __libc_init_array
 .text.malloc   0x000050ac       0x14 c:/program files (x86)/embitz/1.11/share/em_armgcc/bin/../lib/gcc/arm-none-eabi/5.4.1/../../../../arm-none-eabi/lib/armv6-m\libc_n.a(lib_a-malloc.o)
                0x000050ac                malloc
 .text.free     0x000050c0       0x14 c:/program files (x86)/embitz/1.11/share/em_armgcc/bin/../lib/gcc/arm-none-eabi/5.4.1/../../../../arm-none-eabi/lib/armv6-m\libc_n.a(lib_a-malloc.o)
                0x000050c0                free
 .text.memset   0x000050d4       0x10 c:/program files (x86)/embitz/1.11/share/em_armgcc/bin/../lib/gcc/arm-none-eabi/5.4.1/../../../../arm-none-eabi/lib/armv6-m\libc_n.a(lib_a-memset.o)
                0x000050d4                memset
 .text._free_r  0x000050e4       0x98 c:/program files (x86)/embitz/1.11/share/em_armgcc/bin/../lib/gcc/arm-none-eabi/5.4.1/../../../../arm-none-eabi/lib/armv6-m\libc_n.a(lib_a-nano-freer.o)
                0x000050e4                _free_r
 .text._malloc_r
                0x0000517c       0xc0 c:/program files (x86)/embitz/1.11/share/em_armgcc/bin/../lib/gcc/arm-none-eabi/5.4.1/../../../../arm-none-eabi/lib/armv6-m\libc_n.a(lib_a-nano-mallocr.o)
                0x0000517c                _malloc_r
 .text.srand    0x0000523c       0x5c c:/program files (x86)/embitz/1.11/share/em_armgcc/bin/../lib/gcc/arm-none-eabi/5.4.1/../../../../arm-none-eabi/lib/armv6-m\libc_n.a(lib_a-rand.o)
                0x0000523c                srand
 .text.rand     0x00005298       0x78 c:/program files (x86)/embitz/1.11/share/em_armgcc/bin/../lib/gcc/arm-none-eabi/5.4.1/../../../../arm-none-eabi/lib/armv6-m\libc_n.a(lib_a-rand.o)
                0x00005298                rand
 .text._sbrk_r  0x00005310       0x24 c:/program files (x86)/embitz/1.11/share/em_armgcc/bin/../lib/gcc/arm-none-eabi/5.4.1/../../../../arm-none-eabi/lib/armv6-m\libc_n.a(lib_a-sbrkr.o)
                0x00005310                _sbrk_r
 .text.strcpy   0x00005334       0x10 c:/program files (x86)/embitz/1.11/share/em_armgcc/bin/../lib/gcc/arm-none-eabi/5.4.1/../../../../arm-none-eabi/lib/armv6-m\libc_n.a(lib_a-strcpy.o)
                0x00005334                strcpy
 .text.__malloc_lock
                0x00005344        0x2 c:/program files (x86)/embitz/1.11/share/em_armgcc/bin/../lib/gcc/arm-none-eabi/5.4.1/../../../../arm-none-eabi/lib/armv6-m\libc_n.a(lib_a-mlock.o)
                0x00005344                __malloc_lock
 .text.__malloc_unlock
                0x00005346        0x2 c:/program files (x86)/embitz/1.11/share/em_armgcc/bin/../lib/gcc/arm-none-eabi/5.4.1/../../../../arm-none-eabi/lib/armv6-m\libc_n.a(lib_a-mlock.o)
                0x00005346                __malloc_unlock
 .text          0x00005348       0x14 c:/program files (x86)/embitz/1.11/share/em_armgcc/bin/../lib/gcc/arm-none-eabi/5.4.1/armv6-m\libgcc.a(_thumb1_case_uqi.o)
                0x00005348                __gnu_thumb1_case_uqi
 .text          0x0000535c      0x114 c:/program files (x86)/embitz/1.11/share/em_armgcc/bin/../lib/gcc/arm-none-eabi/5.4.1/armv6-m\libgcc.a(_udivsi3.o)
                0x0000535c                __aeabi_uidiv
                0x0000535c                __udivsi3
                0x00005468                __aeabi_uidivmod
 .text          0x00005470      0x1d4 c:/program files (x86)/embitz/1.11/share/em_armgcc/bin/../lib/gcc/arm-none-eabi/5.4.1/armv6-m\libgcc.a(_divsi3.o)
                0x00005470                __divsi3
                0x00005470                __aeabi_idiv
                0x0000563c                __aeabi_idivmod
 .text          0x00005644        0x4 c:/program files (x86)/embitz/1.11/share/em_armgcc/bin/../lib/gcc/arm-none-eabi/5.4.1/armv6-m\libgcc.a(_dvmd_tls.o)
                0x00005644                __aeabi_idiv0
                0x00005644                __aeabi_ldiv0
 .text          0x00005648       0x7c c:/program files (x86)/embitz/1.11/share/em_armgcc/bin/../lib/gcc/arm-none-eabi/5.4.1/armv6-m\libgcc.a(_arm_cmpdf2.o)
                0x00005648                __aeabi_cdrcmple
                0x00005658                __aeabi_cdcmple
                0x00005658                __aeabi_cdcmpeq
                0x00005668                __aeabi_dcmpeq
                0x00005674                __aeabi_dcmplt
                0x00005688                __aeabi_dcmple
                0x0000569c                __aeabi_dcmpgt
                0x000056b0                __aeabi_dcmpge
 .text          0x000056c4       0x74 c:/program files (x86)/embitz/1.11/share/em_armgcc/bin/../lib/gcc/arm-none-eabi/5.4.1/armv6-m\libgcc.a(_arm_cmpsf2.o)
                0x000056c4                __aeabi_cfrcmple
                0x000056cc                __aeabi_cfcmpeq
                0x000056cc                __aeabi_cfcmple
                0x000056dc                __aeabi_fcmpeq
                0x000056e8                __aeabi_fcmplt
                0x000056fc                __aeabi_fcmple
                0x00005710                __aeabi_fcmpgt
                0x00005724                __aeabi_fcmpge
 .text          0x00005738       0x58 c:/program files (x86)/embitz/1.11/share/em_armgcc/bin/../lib/gcc/arm-none-eabi/5.4.1/armv6-m\libgcc.a(_muldi3.o)
                0x00005738                __muldi3
                0x00005738                __aeabi_lmul
 .text          0x00005790       0x30 c:/program files (x86)/embitz/1.11/share/em_armgcc/bin/../lib/gcc/arm-none-eabi/5.4.1/armv6-m\libgcc.a(_fixunssfsi.o)
                0x00005790                __fixunssfsi
                0x00005790                __aeabi_f2uiz
 .text          0x000057c0      0x2ec c:/program files (x86)/embitz/1.11/share/em_armgcc/bin/../lib/gcc/arm-none-eabi/5.4.1/armv6-m\libgcc.a(addsf3.o)
                0x000057c0                __aeabi_fadd
 .text          0x00005aac      0x234 c:/program files (x86)/embitz/1.11/share/em_armgcc/bin/../lib/gcc/arm-none-eabi/5.4.1/armv6-m\libgcc.a(divsf3.o)
                0x00005aac                __aeabi_fdiv
 .text          0x00005ce0       0x50 c:/program files (x86)/embitz/1.11/share/em_armgcc/bin/../lib/gcc/arm-none-eabi/5.4.1/armv6-m\libgcc.a(eqsf2.o)
                0x00005ce0                __eqsf2
                0x00005ce0                __nesf2
 .text          0x00005d30       0x88 c:/program files (x86)/embitz/1.11/share/em_armgcc/bin/../lib/gcc/arm-none-eabi/5.4.1/armv6-m\libgcc.a(gesf2.o)
                0x00005d30                __gesf2
                0x00005d30                __gtsf2
 .text          0x00005db8       0x88 c:/program files (x86)/embitz/1.11/share/em_armgcc/bin/../lib/gcc/arm-none-eabi/5.4.1/armv6-m\libgcc.a(lesf2.o)
                0x00005db8                __ltsf2
                0x00005db8                __lesf2
 .text          0x00005e40      0x228 c:/program files (x86)/embitz/1.11/share/em_armgcc/bin/../lib/gcc/arm-none-eabi/5.4.1/armv6-m\libgcc.a(mulsf3.o)
                0x00005e40                __aeabi_fmul
 .text          0x00006068      0x30c c:/program files (x86)/embitz/1.11/share/em_armgcc/bin/../lib/gcc/arm-none-eabi/5.4.1/armv6-m\libgcc.a(subsf3.o)
                0x00006068                __aeabi_fsub
 .text          0x00006374       0x44 c:/program files (x86)/embitz/1.11/share/em_armgcc/bin/../lib/gcc/arm-none-eabi/5.4.1/armv6-m\libgcc.a(fixsfsi.o)
                0x00006374                __aeabi_f2iz
 .text          0x000063b8       0x90 c:/program files (x86)/embitz/1.11/share/em_armgcc/bin/../lib/gcc/arm-none-eabi/5.4.1/armv6-m\libgcc.a(floatsisf.o)
                0x000063b8                __aeabi_i2f
 .text          0x00006448       0x7c c:/program files (x86)/embitz/1.11/share/em_armgcc/bin/../lib/gcc/arm-none-eabi/5.4.1/armv6-m\libgcc.a(floatunsisf.o)
                0x00006448                __aeabi_ui2f
 .text          0x000064c4      0x658 c:/program files (x86)/embitz/1.11/share/em_armgcc/bin/../lib/gcc/arm-none-eabi/5.4.1/armv6-m\libgcc.a(adddf3.o)
                0x000064c4                __aeabi_dadd
 .text          0x00006b1c       0x80 c:/program files (x86)/embitz/1.11/share/em_armgcc/bin/../lib/gcc/arm-none-eabi/5.4.1/armv6-m\libgcc.a(eqdf2.o)
                0x00006b1c                __nedf2
                0x00006b1c                __eqdf2
 .text          0x00006b9c       0xc8 c:/program files (x86)/embitz/1.11/share/em_armgcc/bin/../lib/gcc/arm-none-eabi/5.4.1/armv6-m\libgcc.a(gedf2.o)
                0x00006b9c                __gedf2
                0x00006b9c                __gtdf2
 .text          0x00006c64       0xd4 c:/program files (x86)/embitz/1.11/share/em_armgcc/bin/../lib/gcc/arm-none-eabi/5.4.1/armv6-m\libgcc.a(ledf2.o)
                0x00006c64                __ledf2
                0x00006c64                __ltdf2
 .text          0x00006d38       0x6c c:/program files (x86)/embitz/1.11/share/em_armgcc/bin/../lib/gcc/arm-none-eabi/5.4.1/armv6-m\libgcc.a(fixdfsi.o)
                0x00006d38                __aeabi_d2iz
 .text          0x00006da4       0xa8 c:/program files (x86)/embitz/1.11/share/em_armgcc/bin/../lib/gcc/arm-none-eabi/5.4.1/armv6-m\libgcc.a(extendsfdf2.o)
                0x00006da4                __aeabi_f2d
 .text          0x00006e4c       0x3c c:/program files (x86)/embitz/1.11/share/em_armgcc/bin/../lib/gcc/arm-none-eabi/5.4.1/armv6-m\libgcc.a(_clzsi2.o)
                0x00006e4c                __clzsi2
 *(.rodata .rodata.*)
 .rodata.str1.1
                0x00006e88       0x85 .objs\main.o
 .rodata._ZL6sounds
                0x00006f0d       0x1e .objs\main.o
 .rodata.str1.1
                0x00006f2b       0x31 .objs\pokittolib\mbed-pokitto\common\assert.o
 .rodata.str1.1
                0x00006f5c       0x67 .objs\pokittolib\mbed-pokitto\common\board.o
 .rodata.str1.1
                0x00006f5c       0x67 .objs\pokittolib\mbed-pokitto\common\gpio.o
 .rodata._ZTVN4mbed11InterruptInE
                0x00006f5c       0x10 .objs\pokittolib\mbed-pokitto\common\interruptin.o
                0x00006f5c                vtable for mbed::InterruptIn
 .rodata.str1.1
                0x00006f6c       0x60 .objs\pokittolib\mbed-pokitto\common\pinmap_common.o
 .rodata._ZTVN4mbed3SPIE
                0x00006fcc       0x14 .objs\pokittolib\mbed-pokitto\common\spi.o
                0x00006fcc                vtable for mbed::SPI
 .rodata._ZTVN4mbed6TickerE
                0x00006fe0       0x14 .objs\pokittolib\mbed-pokitto\common\ticker.o
                0x00006fe0                vtable for mbed::Ticker
 .rodata._ZTVN4mbed10TimerEventE
                0x00006ff4       0x14 .objs\pokittolib\mbed-pokitto\common\timerevent.o
                0x00006ff4                vtable for mbed::TimerEvent
 .rodata.us_interface
                0x00007008       0x14 .objs\pokittolib\mbed-pokitto\common\us_ticker_api.o
 .rodata.us_data
                0x0000701c        0x8 .objs\pokittolib\mbed-pokitto\common\us_ticker_api.o
 .rodata.str1.1
                0x00007024       0x4a .objs\pokittolib\mbed-pokitto\targets\hal\target_nxp\target_lpc11u6x\gpio_api.o
                                 0x75 (size before relaxing)
 *fill*         0x0000706e        0x2 ff
 .rodata.CSWTCH.17
                0x00007070       0x20 .objs\pokittolib\mbed-pokitto\targets\hal\target_nxp\target_lpc11u6x\gpio_irq_api.o
 .rodata.str1.1
                0x00007090       0x48 .objs\pokittolib\mbed-pokitto\targets\hal\target_nxp\target_lpc11u6x\pinmap.o
                                 0x5b (size before relaxing)
 .rodata.PinMap_PWM
                0x000070d8       0x6c .objs\pokittolib\mbed-pokitto\targets\hal\target_nxp\target_lpc11u6x\pwmout_api.o
 .rodata.str1.1
                0x00007144       0x2b .objs\pokittolib\mbed-pokitto\targets\hal\target_nxp\target_lpc11u6x\pwmout_api.o
 *fill*         0x0000716f        0x1 ff
 .rodata.SCTs   0x00007170        0x8 .objs\pokittolib\mbed-pokitto\targets\hal\target_nxp\target_lpc11u6x\pwmout_api.o
 .rodata.PinMap_SPI_MISO
                0x00007178       0x3c .objs\pokittolib\mbed-pokitto\targets\hal\target_nxp\target_lpc11u6x\spi_api.o
 .rodata.PinMap_SPI_SCLK
                0x000071b4       0x48 .objs\pokittolib\mbed-pokitto\targets\hal\target_nxp\target_lpc11u6x\spi_api.o
 .rodata.str1.1
                0x000071fc       0xc2 .objs\pokittolib\mbed-pokitto\targets\hal\target_nxp\target_lpc11u6x\spi_api.o
 *fill*         0x000072be        0x2 ff
 .rodata.PinMap_SPI_MOSI
                0x000072c0       0x3c .objs\pokittolib\mbed-pokitto\targets\hal\target_nxp\target_lpc11u6x\spi_api.o
 .rodata.PinMap_SPI_SSEL
                0x000072fc       0x3c .objs\pokittolib\mbed-pokitto\targets\hal\target_nxp\target_lpc11u6x\spi_api.o
 .rodata.font5x7
                0x00007338      0x304 .objs\pokittolib\pokitto_core\fonts\font5x7.o
                0x00007338                font5x7
 .rodata.fontC64
                0x0000763c      0x364 .objs\pokittolib\pokitto_core\fonts\fontc64.o
                0x0000763c                fontC64
 .rodata.fntC64UIGfx
                0x000079a0      0x364 .objs\pokittolib\pokitto_core\fonts\fontc64uigfx.o
                0x000079a0                fntC64UIGfx
 .rodata.fontMini
                0x00007d04      0x13a .objs\pokittolib\pokitto_core\fonts\mini4x6.o
                0x00007d04                fontMini
 .rodata.paletteCGA
                0x00007e3e       0x30 .objs\pokittolib\pokitto_core\palettes\palcga.o
                0x00007e3e                paletteCGA
 .rodata.str1.1
                0x00007e6e      0x2c0 .objs\pokittolib\pokitto_core\pokittocore.o
                                0x2d3 (size before relaxing)
 .rodata._ZL12startupSound
                0x0000812e        0xe .objs\pokittolib\pokitto_core\pokittocore.o
 .rodata.str1.1
                0x0000813c        0x1 .objs\pokittolib\pokitto_core\pokittodisk.o
 .rodata.Pokitto_logo
                0x0000813c      0x50a .objs\pokittolib\pokitto_core\pokittologos.o
                0x0000813c                Pokitto_logo
 .rodata.Pokitto_headphones
                0x00008646       0x22 .objs\pokittolib\pokitto_core\pokittologos.o
                0x00008646                Pokitto_headphones
 .rodata.Pokitto_speaker
                0x00008668       0x22 .objs\pokittolib\pokitto_core\pokittologos.o
                0x00008668                Pokitto_speaker
 .rodata.Pokitto_volumebar
                0x0000868a        0x6 .objs\pokittolib\pokitto_core\pokittologos.o
                0x0000868a                Pokitto_volumebar
 .rodata._ZL18defaultInstruments
                0x00008690        0x8 .objs\pokittolib\pokitto_core\pokittosound.o
 .rodata._ZL20squareWaveInstrument
                0x00008698        0x4 .objs\pokittolib\pokitto_core\pokittosound.o
 .rodata._ZL15noiseInstrument
                0x0000869c        0x4 .objs\pokittolib\pokitto_core\pokittosound.o
 .rodata.str1.1
                0x000086a0       0x67 .objs\pokittolib\pokitto_hw\hwsound.o
 .rodata.str1.1
                0x000086a0       0x67 .objs\pokittolib\pokitto_hw\softwarei2c.o
 .rodata.__sf_fake_stdin
                0x000086a0       0x20 c:/program files (x86)/embitz/1.11/share/em_armgcc/bin/../lib/gcc/arm-none-eabi/5.4.1/../../../../arm-none-eabi/lib/armv6-m\libc_n.a(lib_a-findfp.o)
                0x000086a0                __sf_fake_stdin
 .rodata.__sf_fake_stdout
                0x000086c0       0x20 c:/program files (x86)/embitz/1.11/share/em_armgcc/bin/../lib/gcc/arm-none-eabi/5.4.1/../../../../arm-none-eabi/lib/armv6-m\libc_n.a(lib_a-findfp.o)
                0x000086c0                __sf_fake_stdout
 .rodata.__sf_fake_stderr
                0x000086e0       0x20 c:/program files (x86)/embitz/1.11/share/em_armgcc/bin/../lib/gcc/arm-none-eabi/5.4.1/../../../../arm-none-eabi/lib/armv6-m\libc_n.a(lib_a-findfp.o)
                0x000086e0                __sf_fake_stderr
 .rodata.str1.1
                0x00008700      0x2c0 c:/program files (x86)/embitz/1.11/share/em_armgcc/bin/../lib/gcc/arm-none-eabi/5.4.1/../../../../arm-none-eabi/lib/armv6-m\libc_n.a(lib_a-impure.o)
                                  0x2 (size before relaxing)
 .rodata._global_impure_ptr
                0x00008700        0x4 c:/program files (x86)/embitz/1.11/share/em_armgcc/bin/../lib/gcc/arm-none-eabi/5.4.1/../../../../arm-none-eabi/lib/armv6-m\libc_n.a(lib_a-impure.o)
                0x00008700                _global_impure_ptr
 .rodata        0x00008704       0x80 c:/program files (x86)/embitz/1.11/share/em_armgcc/bin/../lib/gcc/arm-none-eabi/5.4.1/armv6-m\libgcc.a(divsf3.o)
 .rodata        0x00008784       0x40 c:/program files (x86)/embitz/1.11/share/em_armgcc/bin/../lib/gcc/arm-none-eabi/5.4.1/armv6-m\libgcc.a(mulsf3.o)
                0x000089c0                . = ALIGN (0x4)
                0x000089c0                . = ALIGN (0x4)
 *(.init)
 .init          0x000087c4        0x4 c:/program files (x86)/embitz/1.11/share/em_armgcc/bin/../lib/gcc/arm-none-eabi/5.4.1/armv6-m/crti.o
                0x000087c4                _init
 .init          0x000087c8        0x8 c:/program files (x86)/embitz/1.11/share/em_armgcc/bin/../lib/gcc/arm-none-eabi/5.4.1/armv6-m/crtn.o
                0x000089c0                . = ALIGN (0x4)
                0x000089c0                __preinit_array_start = .
 *(.preinit_array)
                0x000089c0                __preinit_array_end = .
                0x000089c0                . = ALIGN (0x4)
                0x000089c0                __init_array_start = .
 *(SORT(.init_array.*))
 *(.init_array)
 .init_array    0x000087d0        0x4 c:/program files (x86)/embitz/1.11/share/em_armgcc/bin/../lib/gcc/arm-none-eabi/5.4.1/armv6-m/crtbegin.o
 .init_array    0x000087d4        0x4 .objs\main.o
 .init_array    0x000087d8        0x4 .objs\pokittolib\pokitto_core\pokittoconsole.o
 .init_array    0x000087dc        0x4 .objs\pokittolib\pokitto_core\pokittocore.o
 .init_array    0x000087e0        0x4 .objs\pokittolib\pokitto_core\pokittodisk.o
 .init_array    0x000087e4        0x4 .objs\pokittolib\pokitto_core\pokittodisplay.o
 .init_array    0x000087e8        0x4 .objs\pokittolib\pokitto_core\pokittosound.o
 .init_array    0x000087ec        0x4 .objs\pokittolib\pokitto_hw\hwbuttons.o
 .init_array    0x000087f0        0x4 .objs\pokittolib\pokitto_hw\hwsound.o
 .init_array    0x000087f4        0x4 .objs\pokittolib\pokitto_libs\synth\synth.o
 .init_array    0x000087f8        0x4 .objs\pokittolib\pokitto_xternals\arduino\delay.o
                0x000089c0                __init_array_end = .
 *(.fini)
 .fini          0x000087fc        0x4 c:/program files (x86)/embitz/1.11/share/em_armgcc/bin/../lib/gcc/arm-none-eabi/5.4.1/armv6-m/crti.o
                0x000087fc                _fini
 .fini          0x00008800        0x8 c:/program files (x86)/embitz/1.11/share/em_armgcc/bin/../lib/gcc/arm-none-eabi/5.4.1/armv6-m/crtn.o
                0x000089c0                . = ALIGN (0x4)
 *crtbegin.o(.ctors)
 *(EXCLUDE_FILE(*crtend.o) .ctors)
 *(SORT(.ctors.*))
 *crtend.o(.ctors)
                0x000089c0                . = ALIGN (0x4)
 *crtbegin.o(.dtors)
 *(EXCLUDE_FILE(*crtend.o) .dtors)
 *(SORT(.dtors.*))
 *crtend.o(.dtors)

.glue_7         0x00008808        0x0
 .glue_7        0x00008808        0x0 linker stubs

.glue_7t        0x00008808        0x0
 .glue_7t       0x00008808        0x0 linker stubs

.vfp11_veneer   0x00008808        0x0
 .vfp11_veneer  0x00008808        0x0 linker stubs

.v4_bx          0x00008808        0x0
 .v4_bx         0x00008808        0x0 linker stubs

.iplt           0x00008808        0x0
 .iplt          0x00008808        0x0 c:/program files (x86)/embitz/1.11/share/em_armgcc/bin/../lib/gcc/arm-none-eabi/5.4.1/armv6-m/crtbegin.o

.SD_Code        0x00008808      0x23c
 .SD_Code       0x00008808      0x1cc .objs\pokittolib\libpff\pff.o
                0x00008880                pf_mount(_FATFS_*)
 .SD_Code       0x000089d4       0x70 .objs\pokittolib\pokitto_core\pokittodisk.o
                0x000089d4                initSDGPIO()
                0x00008a02                pokInitSD()

.eh_frame       0x00008a44        0x0
 .eh_frame      0x00008a44        0x0 c:/program files (x86)/embitz/1.11/share/em_armgcc/bin/../lib/gcc/arm-none-eabi/5.4.1/armv6-m/crtbegin.o

.rel.dyn        0x00008a44        0x0
 .rel.iplt      0x00008a44        0x0 c:/program files (x86)/embitz/1.11/share/em_armgcc/bin/../lib/gcc/arm-none-eabi/5.4.1/armv6-m/crtbegin.o

.ARM.extab
 *(.ARM.extab* .gnu.linkonce.armextab.*)
                0x00008a44                __exidx_start = .

.ARM.exidx
 *(.ARM.exidx* .gnu.linkonce.armexidx.*)
                0x00008a44                __exidx_end = .
                0x00008a44                _etext = .

.mtb_buffer_RAM2
 *(.mtb.$RAM2*)
 *(.mtb.$RAM1_2*)

.data_RAM2      0x20000000        0x0 load address 0x00008a44
 FILL mask 0xff
 *(.ramfunc.$RAM2)
 *(.ramfunc.$Ram1_2)
 *(.data.$RAM2*)
 *(.data.$Ram1_2*)
                0x20000000                . = ALIGN (0x4)

.mtb_buffer_RAM3
 *(.mtb.$RAM3*)
 *(.mtb.$RAM2USB_2*)

.data_RAM3      0x20004000        0x0 load address 0x00008a44
 FILL mask 0xff
 *(.ramfunc.$RAM3)
 *(.ramfunc.$Ram2USB_2)
 *(.data.$RAM3*)
 *(.data.$Ram2USB_2*)
                0x20004000                . = ALIGN (0x4)

.mtb_buffer_default
 *(.mtb*)

.uninit_RESERVED
                0x10000100        0x0
 *(.bss.$RESERVED*)
                0x10000100                . = ALIGN (0x4)
                0x10000100                _end_uninit_RESERVED = .

.data           0x10000100       0x88 load address 0x00008a44
 FILL mask 0xff
                0x10000100                _data = .
 *(vtable)
 *(.ramfunc*)
 *(.data*)
 .data          0x10000100        0x4 c:/program files (x86)/embitz/1.11/share/em_armgcc/bin/../lib/gcc/arm-none-eabi/5.4.1/armv6-m/crtbegin.o
                0x10000100                __dso_handle
 .data._ZZ5_sbrkE4heap
                0x10000104        0x4 .objs\pokittolib\mbed-pokitto\common\retarget.o
 .data.SystemCoreClock
                0x10000108        0x4 .objs\pokittolib\mbed-pokitto\targets\cmsis\target_nxp\target_lpc11u6x\system_lpc11u6x.o
                0x10000108                SystemCoreClock
 .data.filemode
                0x1000010c        0x1 .objs\pokittolib\pokitto_core\pokittodisk.o
                0x1000010c                filemode
 *fill*         0x1000010d        0x1 ff
 .data._ZN7Pokitto7Display11directcolorE
                0x1000010e        0x2 .objs\pokittolib\pokitto_core\pokittodisplay.o
                0x1000010e                Pokitto::Display::directcolor
 .data._ZN7Pokitto7Display14adjustLineStepE
                0x10000110        0x1 .objs\pokittolib\pokitto_core\pokittodisplay.o
                0x10000110                Pokitto::Display::adjustLineStep
 .data._ZN7Pokitto7Display3bppE
                0x10000111        0x1 .objs\pokittolib\pokitto_core\pokittodisplay.o
                0x10000111                Pokitto::Display::bpp
 .data._ZN7Pokitto7Display8textWrapE
                0x10000112        0x1 .objs\pokittolib\pokitto_core\pokittodisplay.o
                0x10000112                Pokitto::Display::textWrap
 *fill*         0x10000113        0x1 ff
 .data._ZN7Pokitto7Display5colorE
                0x10000114        0x2 .objs\pokittolib\pokitto_core\pokittodisplay.o
                0x10000114                Pokitto::Display::color
 .data._ZN7Pokitto7Display8fontSizeE
                0x10000116        0x1 .objs\pokittolib\pokitto_core\pokittodisplay.o
                0x10000116                Pokitto::Display::fontSize
 .data._ZN7Pokitto7Display14adjustCharStepE
                0x10000117        0x1 .objs\pokittolib\pokitto_core\pokittodisplay.o
                0x10000117                Pokitto::Display::adjustCharStep
 .data._ZN7Pokitto7Display5widthE
                0x10000118        0x1 .objs\pokittolib\pokitto_core\pokittodisplay.o
                0x10000118                Pokitto::Display::width
 *fill*         0x10000119        0x1 ff
 .data._ZN7Pokitto7Display14invisiblecolorE
                0x1000011a        0x2 .objs\pokittolib\pokitto_core\pokittodisplay.o
                0x1000011a                Pokitto::Display::invisiblecolor
 .data._ZN7Pokitto7Display6heightE
                0x1000011c        0x1 .objs\pokittolib\pokitto_core\pokittodisplay.o
                0x1000011c                Pokitto::Display::height
 .data._rand    0x1000011d        0x1 .objs\pokittolib\pokitto_core\pokittosound.o
                0x1000011d                _rand
 .data._ZN7Pokitto5Sound9volumeMaxE
                0x1000011e        0x2 .objs\pokittolib\pokitto_core\pokittosound.o
                0x1000011e                Pokitto::Sound::volumeMax
 .data.tempo    0x10000120        0x1 .objs\pokittolib\pokitto_libs\synth\synth.o
                0x10000120                tempo
 *fill*         0x10000121        0x3 ff
 .data.impure_data
                0x10000124       0x60 c:/program files (x86)/embitz/1.11/share/em_armgcc/bin/../lib/gcc/arm-none-eabi/5.4.1/../../../../arm-none-eabi/lib/armv6-m\libc_n.a(lib_a-impure.o)
 .data._impure_ptr
                0x10000184        0x4 c:/program files (x86)/embitz/1.11/share/em_armgcc/bin/../lib/gcc/arm-none-eabi/5.4.1/../../../../arm-none-eabi/lib/armv6-m\libc_n.a(lib_a-impure.o)
                0x10000184                _impure_ptr
                0x10000188                . = ALIGN (0x4)
                0x10000188                _edata = .

.jcr            0x10000188        0x0 load address 0x00008acc
 .jcr           0x10000188        0x0 c:/program files (x86)/embitz/1.11/share/em_armgcc/bin/../lib/gcc/arm-none-eabi/5.4.1/armv6-m/crtbegin.o

.igot.plt       0x10000188        0x0 load address 0x00008acc
 .igot.plt      0x10000188        0x0 c:/program files (x86)/embitz/1.11/share/em_armgcc/bin/../lib/gcc/arm-none-eabi/5.4.1/armv6-m/crtbegin.o

.bss_RAM2       0x20000000        0x0
 *(.bss.$RAM2*)
 *(.bss.$Ram1_2*)
                0x20000000                . = ALIGN (0x4)

.bss_RAM3       0x20004000        0x0
 *(.bss.$RAM3*)
 *(.bss.$Ram2USB_2*)
                0x20004000                . = ALIGN (0x4)

.bss            0x10000188     0x2f84
                0x10000188                _bss = .
 *(.bss*)
 .bss           0x10000188       0x1c c:/program files (x86)/embitz/1.11/share/em_armgcc/bin/../lib/gcc/arm-none-eabi/5.4.1/armv6-m/crtbegin.o
 .bss._bPin     0x100001a4       0x18 .objs\main.o
                0x100001a4                _bPin
 .bss.pal       0x100001bc      0x200 .objs\main.o
                0x100001bc                pal
 .bss._upPin    0x100003bc       0x18 .objs\main.o
                0x100003bc                _upPin
 .bss._cPin     0x100003d4       0x18 .objs\main.o
                0x100003d4                _cPin
 .bss._downPin  0x100003ec       0x18 .objs\main.o
                0x100003ec                _downPin
 .bss.ExPad     0x10000404        0x1 .objs\main.o
                0x10000404                ExPad
 .bss._A        0x10000405        0x3 .objs\main.o
                0x10000405                _A
 .bss._B        0x10000408        0x3 .objs\main.o
                0x10000408                _B
 .bss._C        0x1000040b        0x3 .objs\main.o
                0x1000040b                _C
 .bss._Up       0x1000040e        0x3 .objs\main.o
                0x1000040e                _Up
 .bss.game      0x10000411        0x1 .objs\main.o
                0x10000411                game
 *fill*         0x10000412        0x2 
 .bss._leftPin  0x10000414       0x18 .objs\main.o
                0x10000414                _leftPin
 .bss._Down     0x1000042c        0x3 .objs\main.o
                0x1000042c                _Down
 .bss.CompletePad
                0x1000042f        0x1 .objs\main.o
                0x1000042f                CompletePad
 .bss._rightPin
                0x10000430       0x18 .objs\main.o
                0x10000430                _rightPin
 .bss.myPad     0x10000448        0x1 .objs\main.o
                0x10000448                myPad
 *fill*         0x10000449        0x3 
 .bss._aPin     0x1000044c       0x18 .objs\main.o
                0x1000044c                _aPin
 .bss._Left     0x10000464        0x3 .objs\main.o
                0x10000464                _Left
 .bss._Right    0x10000467        0x3 .objs\main.o
                0x10000467                _Right
 .bss._ZL8CardType
                0x1000046a        0x1 .objs\pokittolib\libpff\mmc.o
 *fill*         0x1000046b        0x1 
 .bss._ZL5FatFs
                0x1000046c        0x4 .objs\pokittolib\libpff\pff.o
 .bss._ZN4mbed3SPI6_ownerE
                0x10000470        0x4 .objs\pokittolib\mbed-pokitto\common\spi.o
                0x10000470                mbed::SPI::_owner
 .bss.events    0x10000474        0x8 .objs\pokittolib\mbed-pokitto\common\us_ticker_api.o
 .bss.gpio_enabled
                0x1000047c        0x4 .objs\pokittolib\mbed-pokitto\targets\hal\target_nxp\target_lpc11u6x\gpio_api.o
 .bss.irq_handler
                0x10000480        0x4 .objs\pokittolib\mbed-pokitto\targets\hal\target_nxp\target_lpc11u6x\gpio_irq_api.o
 .bss.channel_ids
                0x10000484       0x20 .objs\pokittolib\mbed-pokitto\targets\hal\target_nxp\target_lpc11u6x\gpio_irq_api.o
 .bss.sct_used  0x100004a4        0x1 .objs\pokittolib\mbed-pokitto\targets\hal\target_nxp\target_lpc11u6x\pwmout_api.o
 *fill*         0x100004a5        0x3 
 .bss.us_ticker_inited
                0x100004a8        0x4 .objs\pokittolib\mbed-pokitto\targets\hal\target_nxp\target_lpc11u6x\us_ticker.o
                0x100004a8                us_ticker_inited
 .bss._ZN7Pokitto7Battery5levelE
                0x100004ac        0x1 .objs\pokittolib\pokitto_core\pokittobattery.o
                0x100004ac                Pokitto::Battery::level
 .bss._ZN7Pokitto7Buttons13buttons_stateE
                0x100004ad        0x1 .objs\pokittolib\pokitto_core\pokittobuttons.o
                0x100004ad                Pokitto::Buttons::buttons_state
 .bss._ZN7Pokitto7Buttons6statesE
                0x100004ae        0x7 .objs\pokittolib\pokitto_core\pokittobuttons.o
                0x100004ae                Pokitto::Buttons::states
 .bss._ZN7Pokitto7Buttons16buttons_releasedE
                0x100004b5        0x1 .objs\pokittolib\pokitto_core\pokittobuttons.o
                0x100004b5                Pokitto::Buttons::buttons_released
 .bss._ZN7Pokitto7Buttons12buttons_heldE
                0x100004b6        0x1 .objs\pokittolib\pokitto_core\pokittobuttons.o
                0x100004b6                Pokitto::Buttons::buttons_held
 .bss._ZN7Pokitto7Console8conslastE
                0x100004b7        0x1 .objs\pokittolib\pokitto_core\pokittoconsole.o
                0x100004b7                Pokitto::Console::conslast
 .bss.pConsole  0x100004b8        0x1 .objs\pokittolib\pokitto_core\pokittoconsole.o
                0x100004b8                pConsole
 *fill*         0x100004b9        0x1 
 .bss._ZN7Pokitto7Console5colorE
                0x100004ba        0x2 .objs\pokittolib\pokitto_core\pokittoconsole.o
                0x100004ba                Pokitto::Console::color
 .bss._ZN7Pokitto7Console4modeE
                0x100004bc        0x1 .objs\pokittolib\pokitto_core\pokittoconsole.o
                0x100004bc                Pokitto::Console::mode
 .bss._ZN7Pokitto7Console11conspointerE
                0x100004bd        0x1 .objs\pokittolib\pokitto_core\pokittoconsole.o
                0x100004bd                Pokitto::Console::conspointer
 .bss._ZN7Pokitto7Console11conscounterE
                0x100004be        0x2 .objs\pokittolib\pokitto_core\pokittoconsole.o
                0x100004be                Pokitto::Console::conscounter
 .bss._ZN7Pokitto7Console4fontE
                0x100004c0        0x4 .objs\pokittolib\pokitto_core\pokittoconsole.o
                0x100004c0                Pokitto::Console::font
 .bss._ZN7Pokitto7Console9consfirstE
                0x100004c4        0x1 .objs\pokittolib\pokitto_core\pokittoconsole.o
                0x100004c4                Pokitto::Console::consfirst
 .bss._ZN7Pokitto4Core14startMenuTimerE
                0x100004c5        0x1 .objs\pokittolib\pokitto_core\pokittocore.o
                0x100004c5                Pokitto::Core::startMenuTimer
 .bss._ZN7Pokitto4Core9run_stateE
                0x100004c6        0x1 .objs\pokittolib\pokitto_core\pokittocore.o
                0x100004c6                Pokitto::Core::run_state
 .bss._ZN7Pokitto4Core12timePerFrameE
                0x100004c7        0x1 .objs\pokittolib\pokitto_core\pokittocore.o
                0x100004c7                Pokitto::Core::timePerFrame
 .bss._ZN7Pokitto4Core14volbar_visibleE
                0x100004c8        0x1 .objs\pokittolib\pokitto_core\pokittocore.o
                0x100004c8                Pokitto::Core::volbar_visible
 .bss._ZN7Pokitto4Core7displayE
                0x100004c9        0x1 .objs\pokittolib\pokitto_core\pokittocore.o
                0x100004c9                Pokitto::Core::display
 *fill*         0x100004ca        0x2 
 .bss._ZN7Pokitto4Core14frameEndMicrosE
                0x100004cc        0x4 .objs\pokittolib\pokitto_core\pokittocore.o
                0x100004cc                Pokitto::Core::frameEndMicros
 .bss.fs        0x100004d0       0x30 .objs\pokittolib\pokitto_core\pokittodisk.o
                0x100004d0                fs
 .bss.device    0x10000500       0x18 .objs\pokittolib\pokitto_core\pokittodisk.o
                0x10000500                device
 .bss.currentfile
                0x10000518        0xf .objs\pokittolib\pokitto_core\pokittodisk.o
                0x10000518                currentfile
 .bss.res       0x10000527        0x1 .objs\pokittolib\pokitto_core\pokittodisk.o
                0x10000527                res
 .bss.dir       0x10000528       0x14 .objs\pokittolib\pokitto_core\pokittodisk.o
                0x10000528                dir
 .bss.diropened
                0x1000053c        0x1 .objs\pokittolib\pokitto_core\pokittodisk.o
                0x1000053c                diropened
 *fill*         0x1000053d        0x3 
 .bss._ZN7Pokitto7Display8m_scrbufE
                0x10000540        0x4 .objs\pokittolib\pokitto_core\pokittodisplay.o
                0x10000540                Pokitto::Display::m_scrbuf
 .bss._ZN7Pokitto7Display12m_colordepthE
                0x10000544        0x1 .objs\pokittolib\pokitto_core\pokittodisplay.o
                0x10000544                Pokitto::Display::m_colordepth
 *fill*         0x10000545        0x1 
 .bss._ZN7Pokitto7Display3m_wE
                0x10000546        0x2 .objs\pokittolib\pokitto_core\pokittodisplay.o
                0x10000546                Pokitto::Display::m_w
 .bss._ZN7Pokitto7Display7paletteE
                0x10000548      0x200 .objs\pokittolib\pokitto_core\pokittodisplay.o
                0x10000548                Pokitto::Display::palette
 .bss._ZN7Pokitto7Display11persistenceE
                0x10000748        0x1 .objs\pokittolib\pokitto_core\pokittodisplay.o
                0x10000748                Pokitto::Display::persistence
 *fill*         0x10000749        0x3 
 .bss._ZN7Pokitto7Display10paletteptrE
                0x1000074c        0x4 .objs\pokittolib\pokitto_core\pokittodisplay.o
                0x1000074c                Pokitto::Display::paletteptr
 .bss._ZN7Pokitto7Display10fontHeightE
                0x10000750        0x1 .objs\pokittolib\pokitto_core\pokittodisplay.o
                0x10000750                Pokitto::Display::fontHeight
 .bss._ZN7Pokitto7Display9fontWidthE
                0x10000751        0x1 .objs\pokittolib\pokitto_core\pokittodisplay.o
                0x10000751                Pokitto::Display::fontWidth
 .bss._ZN7Pokitto7Display7bgcolorE
                0x10000752        0x2 .objs\pokittolib\pokitto_core\pokittodisplay.o
                0x10000752                Pokitto::Display::bgcolor
 .bss._ZN7Pokitto7Display4fontE
                0x10000754        0x4 .objs\pokittolib\pokitto_core\pokittodisplay.o
                0x10000754                Pokitto::Display::font
 .bss._ZN7Pokitto7Display7cursorXE
                0x10000758        0x2 .objs\pokittolib\pokitto_core\pokittodisplay.o
                0x10000758                Pokitto::Display::cursorX
 .bss._ZN7Pokitto7Display3m_hE
                0x1000075a        0x2 .objs\pokittolib\pokitto_core\pokittodisplay.o
                0x1000075a                Pokitto::Display::m_h
 .bss.core      0x1000075c        0x1 .objs\pokittolib\pokitto_core\pokittodisplay.o
                0x1000075c                core
 .bss._ZN7Pokitto7Display6m_modeE
                0x1000075d        0x1 .objs\pokittolib\pokitto_core\pokittodisplay.o
                0x1000075d                Pokitto::Display::m_mode
 .bss._ZN7Pokitto7Display7cursorYE
                0x1000075e        0x2 .objs\pokittolib\pokitto_core\pokittodisplay.o
                0x1000075e                Pokitto::Display::cursorY
 .bss._ZN7Pokitto7Display13directbgcolorE
                0x10000760        0x2 .objs\pokittolib\pokitto_core\pokittodisplay.o
                0x10000760                Pokitto::Display::directbgcolor
 .bss._ZN7Pokitto7Display12screenbufferE
                0x10000762     0x25d0 .objs\pokittolib\pokitto_core\pokittodisplay.o
                0x10000762                Pokitto::Display::screenbuffer
 .bss._ZN7Pokitto5Sound20instrumentNextChangeE
                0x10002d32        0x1 .objs\pokittolib\pokitto_core\pokittosound.o
                0x10002d32                Pokitto::Sound::instrumentNextChange
 .bss._ZN7Pokitto5Sound9notePitchE
                0x10002d33        0x1 .objs\pokittolib\pokitto_core\pokittosound.o
                0x10002d33                Pokitto::Sound::notePitch
 .bss._ZN7Pokitto5Sound11chanVolumesE
                0x10002d34        0x1 .objs\pokittolib\pokitto_core\pokittosound.o